Archive member included to satisfy reference by file (symbol)

c:/progra~2/gnuarm~1/102021~1.10/bin/../lib/gcc/arm-none-eabi/10.3.1/thumb/v6-m/nofp\libgcc.a(_dvmd_tls.o)
                              CMakeFiles/FlightController.dir/C_/Work/DroneProjects/raspberrypipico/pico-sdk/src/rp2_common/pico_divider/divider.S.obj (__aeabi_idiv0)
c:/progra~2/gnuarm~1/102021~1.10/bin/../lib/gcc/arm-none-eabi/10.3.1/../../../../arm-none-eabi/lib/thumb/v6-m/nofp\libg.a(lib_a-calloc.o)
                              CMakeFiles/FlightController.dir/C_/Work/DroneProjects/raspberrypipico/pico-sdk/src/rp2_common/pico_malloc/pico_malloc.c.obj (calloc)
c:/progra~2/gnuarm~1/102021~1.10/bin/../lib/gcc/arm-none-eabi/10.3.1/../../../../arm-none-eabi/lib/thumb/v6-m/nofp\libg.a(lib_a-callocr.o)
                              c:/progra~2/gnuarm~1/102021~1.10/bin/../lib/gcc/arm-none-eabi/10.3.1/../../../../arm-none-eabi/lib/thumb/v6-m/nofp\libg.a(lib_a-calloc.o) (_calloc_r)
c:/progra~2/gnuarm~1/102021~1.10/bin/../lib/gcc/arm-none-eabi/10.3.1/../../../../arm-none-eabi/lib/thumb/v6-m/nofp\libg.a(lib_a-ctype_.o)
                              CMakeFiles/FlightController.dir/C_/Work/DroneProjects/raspberrypipico/pico-sdk/lib/tinyusb/src/tusb.c.obj (_ctype_)
c:/progra~2/gnuarm~1/102021~1.10/bin/../lib/gcc/arm-none-eabi/10.3.1/../../../../arm-none-eabi/lib/thumb/v6-m/nofp\libg.a(lib_a-errno.o)
                              CMakeFiles/FlightController.dir/Core/FileSystem/SDPicoGitProject/no-OS-FatFS-SD-SPI-RPi-Pico/FatFs_SPI/src/ff_stdio.c.obj (__errno)
c:/progra~2/gnuarm~1/102021~1.10/bin/../lib/gcc/arm-none-eabi/10.3.1/../../../../arm-none-eabi/lib/thumb/v6-m/nofp\libg.a(lib_a-fflush.o)
                              CMakeFiles/FlightController.dir/Core/FileSystem/SDPicoGitProject/no-OS-FatFS-SD-SPI-RPi-Pico/FatFs_SPI/sd_driver/demo_logging.c.obj (fflush)
c:/progra~2/gnuarm~1/102021~1.10/bin/../lib/gcc/arm-none-eabi/10.3.1/../../../../arm-none-eabi/lib/thumb/v6-m/nofp\libg.a(lib_a-findfp.o)
                              c:/progra~2/gnuarm~1/102021~1.10/bin/../lib/gcc/arm-none-eabi/10.3.1/../../../../arm-none-eabi/lib/thumb/v6-m/nofp\libg.a(lib_a-fflush.o) (__sinit)
c:/progra~2/gnuarm~1/102021~1.10/bin/../lib/gcc/arm-none-eabi/10.3.1/../../../../arm-none-eabi/lib/thumb/v6-m/nofp\libg.a(lib_a-freer.o)
                              c:/progra~2/gnuarm~1/102021~1.10/bin/../lib/gcc/arm-none-eabi/10.3.1/../../../../arm-none-eabi/lib/thumb/v6-m/nofp\libg.a(lib_a-fflush.o) (_free_r)
c:/progra~2/gnuarm~1/102021~1.10/bin/../lib/gcc/arm-none-eabi/10.3.1/../../../../arm-none-eabi/lib/thumb/v6-m/nofp\libg.a(lib_a-fwalk.o)
                              c:/progra~2/gnuarm~1/102021~1.10/bin/../lib/gcc/arm-none-eabi/10.3.1/../../../../arm-none-eabi/lib/thumb/v6-m/nofp\libg.a(lib_a-findfp.o) (_fwalk)
c:/progra~2/gnuarm~1/102021~1.10/bin/../lib/gcc/arm-none-eabi/10.3.1/../../../../arm-none-eabi/lib/thumb/v6-m/nofp\libg.a(lib_a-impure.o)
                              c:/progra~2/gnuarm~1/102021~1.10/bin/../lib/gcc/arm-none-eabi/10.3.1/../../../../arm-none-eabi/lib/thumb/v6-m/nofp\libg.a(lib_a-fflush.o) (_global_impure_ptr)
c:/progra~2/gnuarm~1/102021~1.10/bin/../lib/gcc/arm-none-eabi/10.3.1/../../../../arm-none-eabi/lib/thumb/v6-m/nofp\libg.a(lib_a-init.o)
                              c:/progra~2/gnuarm~1/102021~1.10/bin/../lib/gcc/arm-none-eabi/10.3.1/../../../../arm-none-eabi/lib/thumb/v6-m/nofp/crt0.o (__libc_init_array)
c:/progra~2/gnuarm~1/102021~1.10/bin/../lib/gcc/arm-none-eabi/10.3.1/../../../../arm-none-eabi/lib/thumb/v6-m/nofp\libg.a(lib_a-lock.o)
                              c:/progra~2/gnuarm~1/102021~1.10/bin/../lib/gcc/arm-none-eabi/10.3.1/../../../../arm-none-eabi/lib/thumb/v6-m/nofp\libg.a(lib_a-findfp.o) (__retarget_lock_init_recursive)
c:/progra~2/gnuarm~1/102021~1.10/bin/../lib/gcc/arm-none-eabi/10.3.1/../../../../arm-none-eabi/lib/thumb/v6-m/nofp\libg.a(lib_a-malloc.o)
                              CMakeFiles/FlightController.dir/C_/Work/DroneProjects/raspberrypipico/pico-sdk/src/rp2_common/pico_malloc/pico_malloc.c.obj (malloc)
c:/progra~2/gnuarm~1/102021~1.10/bin/../lib/gcc/arm-none-eabi/10.3.1/../../../../arm-none-eabi/lib/thumb/v6-m/nofp\libg.a(lib_a-mallocr.o)
                              c:/progra~2/gnuarm~1/102021~1.10/bin/../lib/gcc/arm-none-eabi/10.3.1/../../../../arm-none-eabi/lib/thumb/v6-m/nofp\libg.a(lib_a-callocr.o) (_malloc_r)
c:/progra~2/gnuarm~1/102021~1.10/bin/../lib/gcc/arm-none-eabi/10.3.1/../../../../arm-none-eabi/lib/thumb/v6-m/nofp\libg.a(lib_a-mktime.o)
                              CMakeFiles/FlightController.dir/Core/FileSystem/SDPicoGitProject/no-OS-FatFS-SD-SPI-RPi-Pico/FatFs_SPI/src/rtc.c.obj (mktime)
c:/progra~2/gnuarm~1/102021~1.10/bin/../lib/gcc/arm-none-eabi/10.3.1/../../../../arm-none-eabi/lib/thumb/v6-m/nofp\libg.a(lib_a-mlock.o)
[...]
Memory Configuration

Name             Origin             Length             Attributes
FLASH            0x10000000         0x00200000         xr
RAM              0x20000000         0x00040000         xrw
SCRATCH_X        0x20040000         0x00001000         xrw
SCRATCH_Y        0x20041000         0x00001000         xrw
*default*        0x00000000         0xffffffff

Linker script and memory map

LOAD c:/progra~2/gnuarm~1/102021~1.10/bin/../lib/gcc/arm-none-eabi/10.3.1/thumb/v6-m/nofp/crti.o
LOAD c:/progra~2/gnuarm~1/102021~1.10/bin/../lib/gcc/arm-none-eabi/10.3.1/thumb/v6-m/nofp/crtbegin.o
LOAD c:/progra~2/gnuarm~1/102021~1.10/bin/../lib/gcc/arm-none-eabi/10.3.1/../../../../arm-none-eabi/lib/thumb/v6-m/nofp/crt0.o

.flash_begin    0x10000000        0x0
                0x10000000                __flash_binary_start = .

.boot2          0x10000000      0x100
                0x10000000                __boot2_start__ = .
 *(.boot2)
 .boot2         0x10000000      0x100 C:\Users\Sergii\AppData\Local\Temp\cc6Syxxt.o
                0x10000100                __boot2_end__ = .
                0x00000001                ASSERT (((__boot2_end__ - __boot2_start__) == 0x100), ERROR: Pico second stage bootloader must be 256 bytes in size)

.text           0x10000100     0xeaa8
                0x10000100                __logical_binary_start = .
 *(.vectors)
 .vectors       0x10000100       0xd4 CMakeFiles/FlightController.dir/C_/Work/DroneProjects/raspberrypipico/pico-sdk/src/rp2_common/pico_standard_link/crt0.S.obj
                0x10000100                __VECTOR_TABLE
                0x10000100                __vectors
                0x100001c0                isr_invalid
                0x100001c0                __default_isrs_start
                0x100001c2                isr_nmi
                0x100001c4                isr_hardfault
                0x100001c6                isr_svcall
                0x100001c8                isr_pendsv
                0x100001ca                isr_systick
                0x100001cc                isr_irq23
                0x100001cc                isr_irq18
                0x100001cc                isr_irq11
                0x100001cc                isr_irq28
                0x100001cc                isr_irq19
                0x100001cc                isr_irq0
                0x100001cc                isr_irq6
                0x100001cc                isr_irq5
                0x100001cc                isr_irq12
                0x100001cc                isr_irq22
                0x100001cc                isr_irq31
                0x100001cc                isr_irq17
                0x100001cc                isr_irq27
                0x100001cc                isr_irq30
                0x100001cc                isr_irq2
                0x100001cc                isr_irq10
                0x100001cc                isr_irq8
                0x100001cc                isr_irq24
                0x100001cc                isr_irq1
                0x100001cc                isr_irq7
                0x100001cc                isr_irq21
                0x100001cc                isr_irq20
                0x100001cc                isr_irq15
                0x100001cc                isr_irq25
                0x100001cc                isr_irq13
                0x100001cc                __unhandled_user_irq
                0x100001cc                isr_irq4
                0x100001cc                isr_irq16
                0x100001cc                isr_irq29
                0x100001cc                isr_irq26
                0x100001cc                __default_isrs_end
                0x100001cc                isr_irq3
                0x100001cc                isr_irq14
                0x100001cc                isr_irq9
                0x100001d2                unhandled_user_irq_num_in_r0
 *(.binary_info_header)
 .binary_info_header
                0x100001d4       0x14 CMakeFiles/FlightController.dir/C_/Work/DroneProjects/raspberrypipico/pico-sdk/src/rp2_common/pico_standard_link/crt0.S.obj
                0x100001e8                __binary_info_header_end = .
 *(.reset)
 .reset         0x100001e8       0xa8 CMakeFiles/FlightController.dir/C_/Work/DroneProjects/raspberrypipico/pico-sdk/src/rp2_common/pico_standard_link/crt0.S.obj
                0x100001e8                _entry_point
                0x10000266                __get_current_exception
 .reset         0x10000290       0x30 CMakeFiles/FlightController.dir/C_/Work/DroneProjects/raspberrypipico/pico-sdk/src/rp2_common/pico_standard_link/binary_info.c.obj
 *(.init)
 .init          0x100002c0        0x4 c:/progra~2/gnuarm~1/102021~1.10/bin/../lib/gcc/arm-none-eabi/10.3.1/thumb/v6-m/nofp/crti.o
                0x100002c0                _init
 *(EXCLUDE_FILE(*libm.a: *libc.a:*lib_a-mem*.o *libgcc.a:) .text*)
 .text          0x100002c4       0x48 c:/progra~2/gnuarm~1/102021~1.10/bin/../lib/gcc/arm-none-eabi/10.3.1/thumb/v6-m/nofp/crtbegin.o
 .text._ZL13mpu6050_resetv
                0x1000030c       0x20 CMakeFiles/FlightController.dir/main.cpp.obj
 .text._ZL16mpu6050_read_rawPsS_S_
                0x1000032c       0xc4 CMakeFiles/FlightController.dir/main.cpp.obj
 .text._Z11Run_MPU5060P16AccellGyroStruct
                0x100003f0       0x9c CMakeFiles/FlightController.dir/main.cpp.obj
                0x100003f0                Run_MPU5060(AccellGyroStruct*)
 .text._Z11bmp280_initv
                0x1000048c       0x40 CMakeFiles/FlightController.dir/main.cpp.obj
                0x1000048c                bmp280_init()
 .text._Z15bmp280_read_rawPlS_
                0x100004cc       0x5c CMakeFiles/FlightController.dir/main.cpp.obj
                0x100004cc                bmp280_read_raw(long*, long*)
 .text._Z14bmp280_convertlP18bmp280_calib_param
                0x10000528       0x26 CMakeFiles/FlightController.dir/main.cpp.obj
                0x10000528                bmp280_convert(long, bmp280_calib_param*)
 .text._Z19bmp280_convert_templP18bmp280_calib_param
                0x1000054e       0x12 CMakeFiles/FlightController.dir/main.cpp.obj
                0x1000054e                bmp280_convert_temp(long, bmp280_calib_param*)
 .text._Z23bmp280_convert_pressurellP18bmp280_calib_param
                0x10000560       0xb8 CMakeFiles/FlightController.dir/main.cpp.obj
                0x10000560                bmp280_convert_pressure(long, long, bmp280_calib_param*)
 .text._Z23bmp280_get_calib_paramsP18bmp280_calib_param
                0x10000618       0xbc CMakeFiles/FlightController.dir/main.cpp.obj
                0x10000618                bmp280_get_calib_params(bmp280_calib_param*)
 .text._Z12readAltitudeff
                0x100006d4       0x4c CMakeFiles/FlightController.dir/main.cpp.obj
                0x100006d4                readAltitude(float, float)
 .text._Z10Run_BMP280fPfS_P18bmp280_calib_param
                0x10000720       0xa4 CMakeFiles/FlightController.dir/main.cpp.obj
                0x10000720                Run_BMP280(float, float*, float*, bmp280_calib_param*)
 .text._ZN16FlightController4InitEv
                0x100007c4       0x7c CMakeFiles/FlightController.dir/main.cpp.obj
                0x100007c4                FlightController::Init()
 .text.main     0x10000840      0x47c CMakeFiles/FlightController.dir/main.cpp.obj
                0x10000840                main
 .text.gpio_set_function
                0x10000cbc       0x30 CMakeFiles/FlightController.dir/C_/Work/DroneProjects/raspberrypipico/pico-sdk/src/rp2_common/hardware_gpio/gpio.c.obj
                0x10000cbc                gpio_set_function
 .text.gpio_set_pulls
                0x10000cec       0x34 CMakeFiles/FlightController.dir/C_/Work/DroneProjects/raspberrypipico/pico-sdk/src/rp2_common/hardware_gpio/gpio.c.obj
                0x10000cec                gpio_set_pulls
 .text.gpio_set_drive_strength
                0x10000d20       0x20 CMakeFiles/FlightController.dir/C_/Work/DroneProjects/raspberrypipico/pico-sdk/src/rp2_common/hardware_gpio/gpio.c.obj
                0x10000d20                gpio_set_drive_strength
 .text.gpio_init
                0x10000d40       0x16 CMakeFiles/FlightController.dir/C_/Work/DroneProjects/raspberrypipico/pico-sdk/src/rp2_common/hardware_gpio/gpio.c.obj
                0x10000d40                gpio_init
 *fill*         0x10000d56        0x2 
 .text.hw_claim_lock
                0x10000d58       0x18 CMakeFiles/FlightController.dir/C_/Work/DroneProjects/raspberrypipico/pico-sdk/src/rp2_common/hardware_claim/claim.c.obj
                0x10000d58                hw_claim_lock
 .text.hw_claim_unlock
                0x10000d70       0x14 CMakeFiles/FlightController.dir/C_/Work/DroneProjects/raspberrypipico/pico-sdk/src/rp2_common/hardware_claim/claim.c.obj
                0x10000d70                hw_claim_unlock
 .text.hw_claim_or_assert
                0x10000d84       0x32 CMakeFiles/FlightController.dir/C_/Work/DroneProjects/raspberrypipico/pico-sdk/src/rp2_common/hardware_claim/claim.c.obj
                0x10000d84                hw_claim_or_assert
 .text.hw_claim_unused_from_range
                0x10000db6       0x50 CMakeFiles/FlightController.dir/C_/Work/DroneProjects/raspberrypipico/pico-sdk/src/rp2_common/hardware_claim/claim.c.obj
                0x10000db6                hw_claim_unused_from_range
 *fill*         0x10000e06        0x2 
 .text.running_on_fpga
                0x10000e08       0x14 CMakeFiles/FlightController.dir/C_/Work/DroneProjects/raspberrypipico/pico-sdk/src/rp2_common/pico_platform/platform.c.obj
                0x10000e08                running_on_fpga
 .text.spin_locks_reset
                0x10000e1c       0x20 CMakeFiles/FlightController.dir/C_/Work/DroneProjects/raspberrypipico/pico-sdk/src/rp2_common/hardware_sync/sync.c.obj
                0x10000e1c                spin_locks_reset
 .text.next_striped_spin_lock_num
                0x10000e3c       0x1c CMakeFiles/FlightController.dir/C_/Work/DroneProjects/raspberrypipico/pico-sdk/src/rp2_common/hardware_sync/sync.c.obj
                0x10000e3c                next_striped_spin_lock_num
 .text.spin_lock_claim_unused
                0x10000e58       0x20 CMakeFiles/FlightController.dir/C_/Work/DroneProjects/raspberrypipico/pico-sdk/src/rp2_common/hardware_sync/sync.c.obj
                0x10000e58                spin_lock_claim_unused
 .text.set_raw_irq_handler_and_unlock
                0x10000e78       0x28 CMakeFiles/FlightController.dir/C_/Work/DroneProjects/raspberrypipico/pico-sdk/src/rp2_common/hardware_irq/irq.c.obj
 .text.make_branch
                0x10000ea0       0x48 CMakeFiles/FlightController.dir/C_/Work/DroneProjects/raspberrypipico/pico-sdk/src/rp2_common/hardware_irq/irq.c.obj
 .text.insert_branch_and_link
                0x10000ee8       0x40 CMakeFiles/FlightController.dir/C_/Work/DroneProjects/raspberrypipico/pico-sdk/src/rp2_common/hardware_irq/irq.c.obj
 .text.irq_is_enabled
                0x10000f28       0x18 CMakeFiles/FlightController.dir/C_/Work/DroneProjects/raspberrypipico/pico-sdk/src/rp2_common/hardware_irq/irq.c.obj
                0x10000f28                irq_is_enabled
 .text.irq_set_mask_enabled
                0x10000f40       0x20 CMakeFiles/FlightController.dir/C_/Work/DroneProjects/raspberrypipico/pico-sdk/src/rp2_common/hardware_irq/irq.c.obj
                0x10000f40                irq_set_mask_enabled
 .text.irq_set_enabled
                0x10000f60        0xe CMakeFiles/FlightController.dir/C_/Work/DroneProjects/raspberrypipico/pico-sdk/src/rp2_common/hardware_irq/irq.c.obj
                0x10000f60                irq_set_enabled
 *fill*         0x10000f6e        0x2 
 .text.irq_set_pending
                0x10000f70       0x10 CMakeFiles/FlightController.dir/C_/Work/DroneProjects/raspberrypipico/pico-sdk/src/rp2_common/hardware_irq/irq.c.obj
                0x10000f70                irq_set_pending
 .text.irq_get_vtable_handler
                0x10000f80       0x10 CMakeFiles/FlightController.dir/C_/Work/DroneProjects/raspberrypipico/pico-sdk/src/rp2_common/hardware_irq/irq.c.obj
                0x10000f80                irq_get_vtable_handler
 .text.irq_has_shared_handler
                0x10000f90       0x24 CMakeFiles/FlightController.dir/C_/Work/DroneProjects/raspberrypipico/pico-sdk/src/rp2_common/hardware_irq/irq.c.obj
                0x10000f90                irq_has_shared_handler
 .text.irq_set_exclusive_handler
                0x10000fb4       0x54 CMakeFiles/FlightController.dir/C_/Work/DroneProjects/raspberrypipico/pico-sdk/src/rp2_common/hardware_irq/irq.c.obj
                0x10000fb4                irq_set_exclusive_handler
 .text.irq_add_shared_handler
                0x10001008      0x230 CMakeFiles/FlightController.dir/C_/Work/DroneProjects/raspberrypipico/pico-sdk/src/rp2_common/hardware_irq/irq.c.obj
                0x10001008                irq_add_shared_handler
 .text.irq_remove_handler
                0x10001238      0x1a8 CMakeFiles/FlightController.dir/C_/Work/DroneProjects/raspberrypipico/pico-sdk/src/rp2_common/hardware_irq/irq.c.obj
                0x10001238                irq_remove_handler
 .text.irq_add_tail_to_free_list
                0x100013e0       0xf0 CMakeFiles/FlightController.dir/C_/Work/DroneProjects/raspberrypipico/pico-sdk/src/rp2_common/hardware_irq/irq.c.obj
                0x100013e0                irq_add_tail_to_free_list
 .text.irq_init_priorities
                0x100014d0       0x1c CMakeFiles/FlightController.dir/C_/Work/DroneProjects/raspberrypipico/pico-sdk/src/rp2_common/hardware_irq/irq.c.obj
                0x100014d0                irq_init_priorities
 .text.user_irq_claim_unused
                0x100014ec       0x30 CMakeFiles/FlightController.dir/C_/Work/DroneProjects/raspberrypipico/pico-sdk/src/rp2_common/hardware_irq/irq.c.obj
                0x100014ec                user_irq_claim_unused
 .text.sem_init
                0x1000151c       0x1e CMakeFiles/FlightController.dir/C_/Work/DroneProjects/raspberrypipico/pico-sdk/src/common/pico_sync/sem.c.obj
                0x1000151c                sem_init
 *fill*         0x1000153a        0x2 
 .text.lock_init
                0x1000153c       0x10 CMakeFiles/FlightController.dir/C_/Work/DroneProjects/raspberrypipico/pico-sdk/src/common/pico_sync/lock_core.c.obj
                0x1000153c                lock_init
 .text.alarm_pool_post_alloc_init
                0x1000154c       0x40 CMakeFiles/FlightController.dir/C_/Work/DroneProjects/raspberrypipico/pico-sdk/src/common/pico_time/time.c.obj
 .text.sleep_until_callback
                0x1000158c       0x30 CMakeFiles/FlightController.dir/C_/Work/DroneProjects/raspberrypipico/pico-sdk/src/common/pico_time/time.c.obj
 .text.timer_pool_entry_comparator
                0x100015bc       0x7c CMakeFiles/FlightController.dir/C_/Work/DroneProjects/raspberrypipico/pico-sdk/src/common/pico_time/time.c.obj
                0x100015bc                timer_pool_entry_comparator
 .text.ph_add_child_node
                0x10001638       0xa4 CMakeFiles/FlightController.dir/C_/Work/DroneProjects/raspberrypipico/pico-sdk/src/common/pico_time/time.c.obj
 .text.ph_merge_nodes
                0x100016dc       0x3e CMakeFiles/FlightController.dir/C_/Work/DroneProjects/raspberrypipico/pico-sdk/src/common/pico_time/time.c.obj
 *fill*         0x1000171a        0x2 
 .text.add_alarm_under_lock
                0x1000171c      0x174 CMakeFiles/FlightController.dir/C_/Work/DroneProjects/raspberrypipico/pico-sdk/src/common/pico_time/time.c.obj
 .text.alarm_pool_alarm_callback
                0x10001890      0x328 CMakeFiles/FlightController.dir/C_/Work/DroneProjects/raspberrypipico/pico-sdk/src/common/pico_time/time.c.obj
 .text.alarm_pool_init_default
                0x10001bb8       0x38 CMakeFiles/FlightController.dir/C_/Work/DroneProjects/raspberrypipico/pico-sdk/src/common/pico_time/time.c.obj
                0x10001bb8                alarm_pool_init_default
 .text.alarm_pool_get_default
                0x10001bf0       0x2c CMakeFiles/FlightController.dir/C_/Work/DroneProjects/raspberrypipico/pico-sdk/src/common/pico_time/time.c.obj
                0x10001bf0                alarm_pool_get_default
 .text.alarm_pool_add_alarm_at
                0x10001c1c      0x170 CMakeFiles/FlightController.dir/C_/Work/DroneProjects/raspberrypipico/pico-sdk/src/common/pico_time/time.c.obj
                0x10001c1c                alarm_pool_add_alarm_at
 .text.alarm_pool_cancel_alarm
                0x10001d8c       0xf0 CMakeFiles/FlightController.dir/C_/Work/DroneProjects/raspberrypipico/pico-sdk/src/common/pico_time/time.c.obj
                0x10001d8c                alarm_pool_cancel_alarm
 .text.sleep_until
                0x10001e7c       0xfc CMakeFiles/FlightController.dir/C_/Work/DroneProjects/raspberrypipico/pico-sdk/src/common/pico_time/time.c.obj
                0x10001e7c                sleep_until
 .text.sleep_us
                0x10001f78       0x58 CMakeFiles/FlightController.dir/C_/Work/DroneProjects/raspberrypipico/pico-sdk/src/common/pico_time/time.c.obj
                0x10001f78                sleep_us
 .text.sleep_ms
                0x10001fd0       0x14 CMakeFiles/FlightController.dir/C_/Work/DroneProjects/raspberrypipico/pico-sdk/src/common/pico_time/time.c.obj
                0x10001fd0                sleep_ms
 .text.best_effort_wfe_or_timeout
                0x10001fe4       0x80 CMakeFiles/FlightController.dir/C_/Work/DroneProjects/raspberrypipico/pico-sdk/src/common/pico_time/time.c.obj
                0x10001fe4                best_effort_wfe_or_timeout
 .text.hardware_alarm_irq_handler
                0x10002064       0x8c CMakeFiles/FlightController.dir/C_/Work/DroneProjects/raspberrypipico/pico-sdk/src/rp2_common/hardware_timer/timer.c.obj
 .text.hardware_alarm_claim
                0x100020f0       0x18 CMakeFiles/FlightController.dir/C_/Work/DroneProjects/raspberrypipico/pico-sdk/src/rp2_common/hardware_timer/timer.c.obj
                0x100020f0                hardware_alarm_claim
 .text.time_us_64
                0x10002108       0x18 CMakeFiles/FlightController.dir/C_/Work/DroneProjects/raspberrypipico/pico-sdk/src/rp2_common/hardware_timer/timer.c.obj
                0x10002108                time_us_64
 .text.busy_wait_until
                0x10002120       0x28 CMakeFiles/FlightController.dir/C_/Work/DroneProjects/raspberrypipico/pico-sdk/src/rp2_common/hardware_timer/timer.c.obj
                0x10002120                busy_wait_until
 .text.busy_wait_us
                0x10002148       0x48 CMakeFiles/FlightController.dir/C_/Work/DroneProjects/raspberrypipico/pico-sdk/src/rp2_common/hardware_timer/timer.c.obj
                0x10002148                busy_wait_us
 .text.hardware_alarm_set_callback
                0x10002190       0x90 CMakeFiles/FlightController.dir/C_/Work/DroneProjects/raspberrypipico/pico-sdk/src/rp2_common/hardware_timer/timer.c.obj
                0x10002190                hardware_alarm_set_callback
 .text.hardware_alarm_set_target
                0x10002220       0xe8 CMakeFiles/FlightController.dir/C_/Work/DroneProjects/raspberrypipico/pico-sdk/src/rp2_common/hardware_timer/timer.c.obj
                0x10002220                hardware_alarm_set_target
 .text.hardware_alarm_cancel
                0x10002308       0x40 CMakeFiles/FlightController.dir/C_/Work/DroneProjects/raspberrypipico/pico-sdk/src/rp2_common/hardware_timer/timer.c.obj
                0x10002308                hardware_alarm_cancel
 .text.ph_add_child_node
                0x10002348       0xa4 CMakeFiles/FlightController.dir/C_/Work/DroneProjects/raspberrypipico/pico-sdk/src/common/pico_util/pheap.c.obj
 .text.ph_merge_nodes
                0x100023ec       0x3e CMakeFiles/FlightController.dir/C_/Work/DroneProjects/raspberrypipico/pico-sdk/src/common/pico_util/pheap.c.obj
 *fill*         0x1000242a        0x2 
 .text.ph_clear
                0x1000242c       0x70 CMakeFiles/FlightController.dir/C_/Work/DroneProjects/raspberrypipico/pico-sdk/src/common/pico_util/pheap.c.obj
                0x1000242c                ph_clear
 .text.ph_post_alloc_init
                0x1000249c        0xe CMakeFiles/FlightController.dir/C_/Work/DroneProjects/raspberrypipico/pico-sdk/src/common/pico_util/pheap.c.obj
                0x1000249c                ph_post_alloc_init
 *fill*         0x100024aa        0x2 
 .text.ph_merge_two_pass
                0x100024ac       0xa8 CMakeFiles/FlightController.dir/C_/Work/DroneProjects/raspberrypipico/pico-sdk/src/common/pico_util/pheap.c.obj
                0x100024ac                ph_merge_two_pass
 .text.ph_remove_any_head
                0x10002554      0x108 CMakeFiles/FlightController.dir/C_/Work/DroneProjects/raspberrypipico/pico-sdk/src/common/pico_util/pheap.c.obj
 .text.ph_remove_head
                0x1000265c       0x14 CMakeFiles/FlightController.dir/C_/Work/DroneProjects/raspberrypipico/pico-sdk/src/common/pico_util/pheap.c.obj
                0x1000265c                ph_remove_head
 .text.ph_remove_and_free_node
                0x10002670       0xf8 CMakeFiles/FlightController.dir/C_/Work/DroneProjects/raspberrypipico/pico-sdk/src/common/pico_util/pheap.c.obj
                0x10002670                ph_remove_and_free_node
 .text.mutex_init
                0x10002768       0x1a CMakeFiles/FlightController.dir/C_/Work/DroneProjects/raspberrypipico/pico-sdk/src/common/pico_sync/mutex.c.obj
                0x10002768                mutex_init
 .text.recursive_mutex_init
                0x10002782       0x1e CMakeFiles/FlightController.dir/C_/Work/DroneProjects/raspberrypipico/pico-sdk/src/common/pico_sync/mutex.c.obj
                0x10002782                recursive_mutex_init
 .text.critical_section_init_with_lock_num
                0x100027a0       0x14 CMakeFiles/FlightController.dir/C_/Work/DroneProjects/raspberrypipico/pico-sdk/src/common/pico_sync/critical_section.c.obj
                0x100027a0                critical_section_init_with_lock_num
 .text.critical_section_init
                0x100027b4       0x14 CMakeFiles/FlightController.dir/C_/Work/DroneProjects/raspberrypipico/pico-sdk/src/common/pico_sync/critical_section.c.obj
                0x100027b4                critical_section_init
 .text._exit    0x100027c8        0x4 CMakeFiles/FlightController.dir/C_/Work/DroneProjects/raspberrypipico/pico-sdk/src/rp2_common/pico_runtime/runtime.c.obj
                0x100027c8                _exit
 .text._sbrk    0x100027cc       0x38 CMakeFiles/FlightController.dir/C_/Work/DroneProjects/raspberrypipico/pico-sdk/src/rp2_common/pico_runtime/runtime.c.obj
                0x100027cc                _sbrk
 .text.exit     0x10002804        0x6 CMakeFiles/FlightController.dir/C_/Work/DroneProjects/raspberrypipico/pico-sdk/src/rp2_common/pico_runtime/runtime.c.obj
                0x10002804                exit
 *fill*         0x1000280a        0x2 
 .text.__assert_func
                0x1000280c       0x3c CMakeFiles/FlightController.dir/C_/Work/DroneProjects/raspberrypipico/pico-sdk/src/rp2_common/pico_runtime/runtime.c.obj
                0x1000280c                __assert_func
 .text.runtime_init
                0x10002848       0xf8 CMakeFiles/FlightController.dir/C_/Work/DroneProjects/raspberrypipico/pico-sdk/src/rp2_common/pico_runtime/runtime.c.obj
                0x10002848                runtime_init
 .text.panic    0x10002940       0x30 CMakeFiles/FlightController.dir/C_/Work/DroneProjects/raspberrypipico/pico-sdk/src/rp2_common/pico_runtime/runtime.c.obj
                0x10002940                panic
 .text.clock_configure
                0x10002970      0x104 CMakeFiles/FlightController.dir/C_/Work/DroneProjects/raspberrypipico/pico-sdk/src/rp2_common/hardware_clocks/clocks.c.obj
                0x10002970                clock_configure
 .text.clocks_init
                0x10002a74      0x100 CMakeFiles/FlightController.dir/C_/Work/DroneProjects/raspberrypipico/pico-sdk/src/rp2_common/hardware_clocks/clocks.c.obj
                0x10002a74                clocks_init
 .text.clock_get_hz
                0x10002b74        0xc CMakeFiles/FlightController.dir/C_/Work/DroneProjects/raspberrypipico/pico-sdk/src/rp2_common/hardware_clocks/clocks.c.obj
                0x10002b74                clock_get_hz
 .text.pll_init
                0x10002b80      0x140 CMakeFiles/FlightController.dir/C_/Work/DroneProjects/raspberrypipico/pico-sdk/src/rp2_common/hardware_pll/pll.c.obj
                0x10002b80                pll_init
 .text.watchdog_start_tick
                0x10002cc0       0x10 CMakeFiles/FlightController.dir/C_/Work/DroneProjects/raspberrypipico/pico-sdk/src/rp2_common/hardware_watchdog/watchdog.c.obj
                0x10002cc0                watchdog_start_tick
 .text.watchdog_update
                0x10002cd0       0x14 CMakeFiles/FlightController.dir/C_/Work/DroneProjects/raspberrypipico/pico-sdk/src/rp2_common/hardware_watchdog/watchdog.c.obj
                0x10002cd0                watchdog_update
 .text._watchdog_enable
                0x10002ce4       0x78 CMakeFiles/FlightController.dir/C_/Work/DroneProjects/raspberrypipico/pico-sdk/src/rp2_common/hardware_watchdog/watchdog.c.obj
                0x10002ce4                _watchdog_enable
 .text.watchdog_reboot
                0x10002d5c       0x48 CMakeFiles/FlightController.dir/C_/Work/DroneProjects/raspberrypipico/pico-sdk/src/rp2_common/hardware_watchdog/watchdog.c.obj
                0x10002d5c                watchdog_reboot
 .text.xosc_init
                0x10002da4       0x28 CMakeFiles/FlightController.dir/C_/Work/DroneProjects/raspberrypipico/pico-sdk/src/rp2_common/hardware_xosc/xosc.c.obj
                0x10002da4                xosc_init
 .text._out_buffer
                0x10002dcc        0x8 CMakeFiles/FlightController.dir/C_/Work/DroneProjects/raspberrypipico/pico-sdk/src/rp2_common/pico_printf/printf.c.obj
 .text._out_null
                0x10002dd4        0x2 CMakeFiles/FlightController.dir/C_/Work/DroneProjects/raspberrypipico/pico-sdk/src/rp2_common/pico_printf/printf.c.obj
 .text._out_fct
                0x10002dd6        0xe CMakeFiles/FlightController.dir/C_/Work/DroneProjects/raspberrypipico/pico-sdk/src/rp2_common/pico_printf/printf.c.obj
 .text._atoi    0x10002de4       0x24 CMakeFiles/FlightController.dir/C_/Work/DroneProjects/raspberrypipico/pico-sdk/src/rp2_common/pico_printf/printf.c.obj
 .text._out_rev
                0x10002e08       0xae CMakeFiles/FlightController.dir/C_/Work/DroneProjects/raspberrypipico/pico-sdk/src/rp2_common/pico_printf/printf.c.obj
 .text._ntoa_format
                0x10002eb6      0x112 CMakeFiles/FlightController.dir/C_/Work/DroneProjects/raspberrypipico/pico-sdk/src/rp2_common/pico_printf/printf.c.obj
 .text._ntoa_long
                0x10002fc8       0xbc CMakeFiles/FlightController.dir/C_/Work/DroneProjects/raspberrypipico/pico-sdk/src/rp2_common/pico_printf/printf.c.obj
 .text._ntoa_long_long
                0x10003084       0xe2 CMakeFiles/FlightController.dir/C_/Work/DroneProjects/raspberrypipico/pico-sdk/src/rp2_common/pico_printf/printf.c.obj
 *fill*         0x10003166        0x2 
 .text._etoa    0x10003168      0x414 CMakeFiles/FlightController.dir/C_/Work/DroneProjects/raspberrypipico/pico-sdk/src/rp2_common/pico_printf/printf.c.obj
 .text._ftoa    0x1000357c      0x354 CMakeFiles/FlightController.dir/C_/Work/DroneProjects/raspberrypipico/pico-sdk/src/rp2_common/pico_printf/printf.c.obj
 .text._vsnprintf
                0x100038d0      0x624 CMakeFiles/FlightController.dir/C_/Work/DroneProjects/raspberrypipico/pico-sdk/src/rp2_common/pico_printf/printf.c.obj
 .text.__wrap_vsnprintf
                0x10003ef4       0x1c CMakeFiles/FlightController.dir/C_/Work/DroneProjects/raspberrypipico/pico-sdk/src/rp2_common/pico_printf/printf.c.obj
                0x10003ef4                __wrap_vsnprintf
 .text.vfctprintf
                0x10003f10       0x20 CMakeFiles/FlightController.dir/C_/Work/DroneProjects/raspberrypipico/pico-sdk/src/rp2_common/pico_printf/printf.c.obj
                0x10003f10                vfctprintf
 .text          0x10003f30       0x10 CMakeFiles/FlightController.dir/C_/Work/DroneProjects/raspberrypipico/pico-sdk/src/rp2_common/pico_bit_ops/bit_ops_aeabi.S.obj
 .text.rom_func_lookup
                0x10003f40       0x10 CMakeFiles/FlightController.dir/C_/Work/DroneProjects/raspberrypipico/pico-sdk/src/rp2_common/pico_bootrom/bootrom.c.obj
                0x10003f40                rom_func_lookup
 .text.rom_data_lookup
                0x10003f50       0x10 CMakeFiles/FlightController.dir/C_/Work/DroneProjects/raspberrypipico/pico-sdk/src/rp2_common/pico_bootrom/bootrom.c.obj
                0x10003f50                rom_data_lookup
 .text.rom_funcs_lookup
                0x10003f60       0x36 CMakeFiles/FlightController.dir/C_/Work/DroneProjects/raspberrypipico/pico-sdk/src/rp2_common/pico_bootrom/bootrom.c.obj
                0x10003f60                rom_funcs_lookup
 *fill*         0x10003f96        0x2 
 .text.__wrap___aeabi_idiv
                0x10003f98       0x50 CMakeFiles/FlightController.dir/C_/Work/DroneProjects/raspberrypipico/pico-sdk/src/rp2_common/pico_divider/divider.S.obj
                0x10003f98                __wrap___aeabi_idivmod
                0x10003f98                divmod_s32s32
                0x10003f98                div_s32s32
                0x10003f98                __wrap___aeabi_idiv
                0x10003fa0                divmod_s32s32_unsafe
                0x10003fcc                divmod_s32s32_savestate
 .text.__wrap___aeabi_uidiv
                0x10003fe8       0x4c CMakeFiles/FlightController.dir/C_/Work/DroneProjects/raspberrypipico/pico-sdk/src/rp2_common/pico_divider/divider.S.obj
                0x10003fe8                __wrap___aeabi_uidiv
                0x10003fe8                __wrap___aeabi_uidivmod
                0x10003fe8                div_u32u32
                0x10003fe8                divmod_u32u32
                0x10003ff0                divmod_u32u32_unsafe
                0x10004018                divmod_u32u32_savestate
 .text.__wrap___aeabi_ldiv
                0x10004034      0x434 CMakeFiles/FlightController.dir/C_/Work/DroneProjects/raspberrypipico/pico-sdk/src/rp2_common/pico_divider/divider.S.obj
                0x10004034                div_s64s64
                0x10004034                divmod_s64s64
                0x10004034                __wrap___aeabi_ldivmod
                0x1000406c                divmod_u64u64
                0x1000406c                div_u64u64
                0x1000406c                __wrap___aeabi_uldivmod
                0x1000407c                divmod_u64u64_savestate
                0x100040a4                divmod_s64s64_unsafe
                0x1000412c                divmod_u64u64_unsafe
 .text.__wrap___aeabi_darithmetic
                0x10004468       0x80 CMakeFiles/FlightController.dir/C_/Work/DroneProjects/raspberrypipico/pico-sdk/src/rp2_common/pico_double/double_aeabi.S.obj
                0x10004468                __wrap___aeabi_drsub
                0x1000446e                __wrap___aeabi_dsub
                0x10004480                __wrap___aeabi_dadd
                0x10004492                __wrap___aeabi_ddiv
                0x100044ce                __wrap___aeabi_dmul
 .text.__wrap___aeabi_cdcmple
                0x100044e8       0x6c CMakeFiles/FlightController.dir/C_/Work/DroneProjects/raspberrypipico/pico-sdk/src/rp2_common/pico_double/double_aeabi.S.obj
                0x100044e8                __wrap___aeabi_cdrcmple
                0x100044f8                __wrap___aeabi_cdcmpeq
                0x100044f8                __wrap___aeabi_cdcmple
 .text.__wrap___aeabi_dcmpeq
                0x10004554       0x10 CMakeFiles/FlightController.dir/C_/Work/DroneProjects/raspberrypipico/pico-sdk/src/rp2_common/pico_double/double_aeabi.S.obj
                0x10004554                __wrap___aeabi_dcmpeq
 .text.__wrap___aeabi_dcmplt
                0x10004564        0xc CMakeFiles/FlightController.dir/C_/Work/DroneProjects/raspberrypipico/pico-sdk/src/rp2_common/pico_double/double_aeabi.S.obj
                0x10004564                __wrap___aeabi_dcmplt
 .text.__wrap___aeabi_dcmple
                0x10004570       0x10 CMakeFiles/FlightController.dir/C_/Work/DroneProjects/raspberrypipico/pico-sdk/src/rp2_common/pico_double/double_aeabi.S.obj
                0x10004570                __wrap___aeabi_dcmple
 .text.__wrap___aeabi_dcmpge
                0x10004580       0x10 CMakeFiles/FlightController.dir/C_/Work/DroneProjects/raspberrypipico/pico-sdk/src/rp2_common/pico_double/double_aeabi.S.obj
                0x10004580                __wrap___aeabi_dcmpge
 .text.__wrap___aeabi_dcmpgt
                0x10004590        0xa CMakeFiles/FlightController.dir/C_/Work/DroneProjects/raspberrypipico/pico-sdk/src/rp2_common/pico_double/double_aeabi.S.obj
                0x10004590                __wrap___aeabi_dcmpgt
 .text.__wrap___aeabi_dcmpun
                0x1000459a       0x1c CMakeFiles/FlightController.dir/C_/Work/DroneProjects/raspberrypipico/pico-sdk/src/rp2_common/pico_double/double_aeabi.S.obj
                0x1000459a                __wrap___aeabi_dcmpun
 *fill*         0x100045b6        0x2 
 .text.__wrap___aeabi_i2d
                0x100045b8       0x38 CMakeFiles/FlightController.dir/C_/Work/DroneProjects/raspberrypipico/pico-sdk/src/rp2_common/pico_double/double_aeabi.S.obj
                0x100045b8                __wrap___aeabi_ui2d
                0x100045c0                __wrap___aeabi_i2d
 .text.__wrap___aeabi_d2iz
                0x100045f0       0x48 CMakeFiles/FlightController.dir/C_/Work/DroneProjects/raspberrypipico/pico-sdk/src/rp2_common/pico_double/double_aeabi.S.obj
                0x100045f0                double2int_z
                0x100045f0                __wrap___aeabi_d2iz
 .text.__wrap___aeabi_d2uiz
                0x10004638       0x18 CMakeFiles/FlightController.dir/C_/Work/DroneProjects/raspberrypipico/pico-sdk/src/rp2_common/pico_double/double_aeabi.S.obj
                0x10004638                __wrap___aeabi_d2uiz
                0x10004638                double2uint
 .text.__wrap___aeabi_d2f
                0x10004650       0x18 CMakeFiles/FlightController.dir/C_/Work/DroneProjects/raspberrypipico/pico-sdk/src/rp2_common/pico_double/double_aeabi.S.obj
                0x10004650                __wrap___aeabi_d2f
 .text.__wrap_exp
                0x10004668       0x18 CMakeFiles/FlightController.dir/C_/Work/DroneProjects/raspberrypipico/pico-sdk/src/rp2_common/pico_double/double_aeabi.S.obj
                0x10004668                __wrap_exp
 .text.__wrap_log
                0x10004680       0x18 CMakeFiles/FlightController.dir/C_/Work/DroneProjects/raspberrypipico/pico-sdk/src/rp2_common/pico_double/double_aeabi.S.obj
                0x10004680                __wrap_log
 .text.__aeabi_double_init
                0x10004698       0xc8 CMakeFiles/FlightController.dir/C_/Work/DroneProjects/raspberrypipico/pico-sdk/src/rp2_common/pico_double/double_init_rom.c.obj
                0x10004698                __aeabi_double_init
 .text.dpow_int2
                0x10004760       0x2c CMakeFiles/FlightController.dir/C_/Work/DroneProjects/raspberrypipico/pico-sdk/src/rp2_common/pico_double/double_math.c.obj
 .text.dpow_1   0x1000478c      0x2a8 CMakeFiles/FlightController.dir/C_/Work/DroneProjects/raspberrypipico/pico-sdk/src/rp2_common/pico_double/double_math.c.obj
 .text.dpow_0   0x10004a34      0x1a0 CMakeFiles/FlightController.dir/C_/Work/DroneProjects/raspberrypipico/pico-sdk/src/rp2_common/pico_double/double_math.c.obj
 .text.__wrap_ldexp
                0x10004bd4       0x50 CMakeFiles/FlightController.dir/C_/Work/DroneProjects/raspberrypipico/pico-sdk/src/rp2_common/pico_double/double_math.c.obj
                0x10004bd4                __wrap_ldexp
 .text.__wrap_round
                0x10004c24       0x9c CMakeFiles/FlightController.dir/C_/Work/DroneProjects/raspberrypipico/pico-sdk/src/rp2_common/pico_double/double_math.c.obj
                0x10004c24                __wrap_round
 .text.__wrap_exp2
                0x10004cc0       0xcc CMakeFiles/FlightController.dir/C_/Work/DroneProjects/raspberrypipico/pico-sdk/src/rp2_common/pico_double/double_math.c.obj
                0x10004cc0                __wrap_exp2
 .text.__wrap_pow
                0x10004d8c      0x37c CMakeFiles/FlightController.dir/C_/Work/DroneProjects/raspberrypipico/pico-sdk/src/rp2_common/pico_double/double_math.c.obj
                0x10004d8c                __wrap_pow
 .text.double_table_shim_on_use_helper
                0x10005108       0x34 CMakeFiles/FlightController.dir/C_/Work/DroneProjects/raspberrypipico/pico-sdk/src/rp2_common/pico_double/double_v1_rom_shim.S.obj
                0x10005108                double_table_shim_on_use_helper
 .text.__wrap___aeabi_dsub
                0x1000513c       0x10 CMakeFiles/FlightController.dir/C_/Work/DroneProjects/raspberrypipico/pico-sdk/src/rp2_common/pico_double/double_v1_rom_shim.S.obj
                0x1000513c                drsub_shim
                0x10005142                dsub_shim
 .text.dadd_shim
                0x1000514c      0x15c CMakeFiles/FlightController.dir/C_/Work/DroneProjects/raspberrypipico/pico-sdk/src/rp2_common/pico_double/double_v1_rom_shim.S.obj
                0x1000514c                dadd_shim
 .text.dmul_shim
                0x100052a8      0x15c CMakeFiles/FlightController.dir/C_/Work/DroneProjects/raspberrypipico/pico-sdk/src/rp2_common/pico_double/double_v1_rom_shim.S.obj
                0x100052a8                dmul_shim
 .text.ddiv_shim
                0x10005404      0x1b0 CMakeFiles/FlightController.dir/C_/Work/DroneProjects/raspberrypipico/pico-sdk/src/rp2_common/pico_double/double_v1_rom_shim.S.obj
                0x10005404                ddiv_shim
 .text.double2uint_shim
                0x100055b4        0xe CMakeFiles/FlightController.dir/C_/Work/DroneProjects/raspberrypipico/pico-sdk/src/rp2_common/pico_double/double_v1_rom_shim.S.obj
                0x100055b4                double2uint_shim
                0x100055b6                double2ufix_shim
 *fill*         0x100055c2        0x2 
 .text.double2uint64_shim
                0x100055c4       0x70 CMakeFiles/FlightController.dir/C_/Work/DroneProjects/raspberrypipico/pico-sdk/src/rp2_common/pico_double/double_v1_rom_shim.S.obj
                0x100055c4                double2uint64_shim
                0x100055c6                double2ufix64_shim
                0x100055e6                d2fix_a
 .text.double2float_shim
                0x10005634       0x5c CMakeFiles/FlightController.dir/C_/Work/DroneProjects/raspberrypipico/pico-sdk/src/rp2_common/pico_double/double_v1_rom_shim.S.obj
                0x10005634                double2float_shim
 .text.x2double_shims
                0x10005690       0x90 CMakeFiles/FlightController.dir/C_/Work/DroneProjects/raspberrypipico/pico-sdk/src/rp2_common/pico_double/double_v1_rom_shim.S.obj
                0x10005690                uint2double_shim
                0x10005692                ufix2double_shim
                0x10005698                int2double_shim
                0x1000569a                fix2double_shim
                0x100056a0                uint642double_shim
                0x100056a2                ufix642double_shim
                0x100056a8                int642double_shim
                0x100056aa                fix642double_shim
 .text.dunpacks
                0x10005720       0x3c CMakeFiles/FlightController.dir/C_/Work/DroneProjects/raspberrypipico/pico-sdk/src/rp2_common/pico_double/double_v1_rom_shim.S.obj
                0x10005720                dunpacks
 .text.dreduce  0x1000575c       0x82 CMakeFiles/FlightController.dir/C_/Work/DroneProjects/raspberrypipico/pico-sdk/src/rp2_common/pico_double/double_v1_rom_shim.S.obj
                0x1000575c                dreduce
 *fill*         0x100057de        0x2 
 .text.dexp_guts
                0x100057e0      0x268 CMakeFiles/FlightController.dir/C_/Work/DroneProjects/raspberrypipico/pico-sdk/src/rp2_common/pico_double/double_v1_rom_shim.S.obj
                0x100057e0                dexp_shim
                0x1000587c                dln_shim
 .text.__aeabi_lmul
                0x10005a48       0x32 CMakeFiles/FlightController.dir/C_/Work/DroneProjects/raspberrypipico/pico-sdk/src/rp2_common/pico_int64_ops/pico_int64_ops_aeabi.S.obj
                0x10005a48                __wrap___aeabi_lmul
 *fill*         0x10005a7a        0x2 
 .text.__wrap___aeabi_farithmetic
                0x10005a7c       0x58 CMakeFiles/FlightController.dir/C_/Work/DroneProjects/raspberrypipico/pico-sdk/src/rp2_common/pico_float/float_aeabi.S.obj
                0x10005a7c                __wrap___aeabi_frsub
                0x10005a82                __wrap___aeabi_fsub
                0x10005a8c                __wrap___aeabi_fadd
                0x10005a96                __wrap___aeabi_fdiv
                0x10005ac2                __wrap___aeabi_fmul
 .text.__wrap___aeabi_i2f
                0x10005ad4       0x44 CMakeFiles/FlightController.dir/C_/Work/DroneProjects/raspberrypipico/pico-sdk/src/rp2_common/pico_float/float_aeabi.S.obj
                0x10005ad4                __wrap___aeabi_i2f
 .text.__wrap___aeabi_f2d
                0x10005b18       0x14 CMakeFiles/FlightController.dir/C_/Work/DroneProjects/raspberrypipico/pico-sdk/src/rp2_common/pico_float/float_aeabi.S.obj
                0x10005b18                __wrap___aeabi_f2d
 .text.__aeabi_float_init
                0x10005b2c       0xfc CMakeFiles/FlightController.dir/C_/Work/DroneProjects/raspberrypipico/pico-sdk/src/rp2_common/pico_float/float_init_rom.c.obj
                0x10005b2c                __aeabi_float_init
 .text.float_table_shim_on_use_helper
                0x10005c28       0x34 CMakeFiles/FlightController.dir/C_/Work/DroneProjects/raspberrypipico/pico-sdk/src/rp2_common/pico_float/float_v1_rom_shim.S.obj
                0x10005c28                float_table_shim_on_use_helper
 .text.float2double_shim
                0x10005c5c       0x30 CMakeFiles/FlightController.dir/C_/Work/DroneProjects/raspberrypipico/pico-sdk/src/rp2_common/pico_float/float_v1_rom_shim.S.obj
                0x10005c5c                float2double_shim
 .text.__wrap_malloc
                0x10005c8c       0x24 CMakeFiles/FlightController.dir/C_/Work/DroneProjects/raspberrypipico/pico-sdk/src/rp2_common/pico_malloc/pico_malloc.c.obj
                0x10005c8c                __wrap_malloc
 .text.__wrap_free
                0x10005cb0        0x8 CMakeFiles/FlightController.dir/C_/Work/DroneProjects/raspberrypipico/pico-sdk/src/rp2_common/pico_malloc/pico_malloc.c.obj
                0x10005cb0                __wrap_free
 .text          0x10005cb8       0x10 CMakeFiles/FlightController.dir/C_/Work/DroneProjects/raspberrypipico/pico-sdk/src/rp2_common/pico_mem_ops/mem_ops_aeabi.S.obj
                0x10005cb8                __aeabi_mem_init
 .text.memset   0x10005cc8        0xc CMakeFiles/FlightController.dir/C_/Work/DroneProjects/raspberrypipico/pico-sdk/src/rp2_common/pico_mem_ops/mem_ops_aeabi.S.obj
                0x10005cc8                __wrap_memset
 .text.memcpy   0x10005cd4        0xc CMakeFiles/FlightController.dir/C_/Work/DroneProjects/raspberrypipico/pico-sdk/src/rp2_common/pico_mem_ops/mem_ops_aeabi.S.obj
                0x10005cd4                __wrap_memcpy
                0x10005cd4                __wrap___aeabi_memcpy
 .text.stdio_out_chars_no_crlf
                0x10005ce0        0xe CMakeFiles/FlightController.dir/C_/Work/DroneProjects/raspberrypipico/pico-sdk/src/rp2_common/pico_stdio/stdio.c.obj
 *fill*         0x10005cee        0x2 
 .text.stdio_out_chars_crlf
                0x10005cf0       0x80 CMakeFiles/FlightController.dir/C_/Work/DroneProjects/raspberrypipico/pico-sdk/src/rp2_common/pico_stdio/stdio.c.obj
 .text.stdio_stack_buffer_flush
                0x10005d70       0x44 CMakeFiles/FlightController.dir/C_/Work/DroneProjects/raspberrypipico/pico-sdk/src/rp2_common/pico_stdio/stdio.c.obj
 .text.stdio_buffered_printer
                0x10005db4       0x20 CMakeFiles/FlightController.dir/C_/Work/DroneProjects/raspberrypipico/pico-sdk/src/rp2_common/pico_stdio/stdio.c.obj
 .text.stdio_get_until
                0x10005dd4       0x80 CMakeFiles/FlightController.dir/C_/Work/DroneProjects/raspberrypipico/pico-sdk/src/rp2_common/pico_stdio/stdio.c.obj
 .text.stdout_serialize_begin
                0x10005e54       0x30 CMakeFiles/FlightController.dir/C_/Work/DroneProjects/raspberrypipico/pico-sdk/src/rp2_common/pico_stdio/stdio.c.obj
                0x10005e54                stdout_serialize_begin
 .text.stdout_serialize_end
                0x10005e84       0x10 CMakeFiles/FlightController.dir/C_/Work/DroneProjects/raspberrypipico/pico-sdk/src/rp2_common/pico_stdio/stdio.c.obj
                0x10005e84                stdout_serialize_end
 .text.stdio_put_string
                0x10005e94       0x98 CMakeFiles/FlightController.dir/C_/Work/DroneProjects/raspberrypipico/pico-sdk/src/rp2_common/pico_stdio/stdio.c.obj
 .text._read    0x10005f2c       0x24 CMakeFiles/FlightController.dir/C_/Work/DroneProjects/raspberrypipico/pico-sdk/src/rp2_common/pico_stdio/stdio.c.obj
                0x10005f2c                _read
 .text._write   0x10005f50       0x22 CMakeFiles/FlightController.dir/C_/Work/DroneProjects/raspberrypipico/pico-sdk/src/rp2_common/pico_stdio/stdio.c.obj
                0x10005f50                _write
 *fill*         0x10005f72        0x2 
 .text.stdio_set_driver_enabled
                0x10005f74       0x2c CMakeFiles/FlightController.dir/C_/Work/DroneProjects/raspberrypipico/pico-sdk/src/rp2_common/pico_stdio/stdio.c.obj
                0x10005f74                stdio_set_driver_enabled
 .text.stdio_flush
                0x10005fa0       0x20 CMakeFiles/FlightController.dir/C_/Work/DroneProjects/raspberrypipico/pico-sdk/src/rp2_common/pico_stdio/stdio.c.obj
                0x10005fa0                stdio_flush
 .text.__wrap_puts
                0x10005fc0       0x1e CMakeFiles/FlightController.dir/C_/Work/DroneProjects/raspberrypipico/pico-sdk/src/rp2_common/pico_stdio/stdio.c.obj
                0x10005fc0                __wrap_puts
 *fill*         0x10005fde        0x2 
 .text.__wrap_vprintf
                0x10005fe0       0x44 CMakeFiles/FlightController.dir/C_/Work/DroneProjects/raspberrypipico/pico-sdk/src/rp2_common/pico_stdio/stdio.c.obj
                0x10005fe0                __wrap_vprintf
 .text.__wrap_printf
                0x10006024       0x18 CMakeFiles/FlightController.dir/C_/Work/DroneProjects/raspberrypipico/pico-sdk/src/rp2_common/pico_stdio/stdio.c.obj
                0x10006024                __wrap_printf
 .text.stdio_init_all
                0x1000603c        0x8 CMakeFiles/FlightController.dir/C_/Work/DroneProjects/raspberrypipico/pico-sdk/src/rp2_common/pico_stdio/stdio.c.obj
                0x1000603c                stdio_init_all
 .text.resetd_init
                0x10006044        0x2 CMakeFiles/FlightController.dir/C_/Work/DroneProjects/raspberrypipico/pico-sdk/src/rp2_common/pico_stdio_usb/reset_interface.c.obj
 *fill*         0x10006046        0x2 
 .text.resetd_reset
                0x10006048        0xc CMakeFiles/FlightController.dir/C_/Work/DroneProjects/raspberrypipico/pico-sdk/src/rp2_common/pico_stdio_usb/reset_interface.c.obj
 .text.resetd_open
                0x10006054       0x34 CMakeFiles/FlightController.dir/C_/Work/DroneProjects/raspberrypipico/pico-sdk/src/rp2_common/pico_stdio_usb/reset_interface.c.obj
 .text.resetd_xfer_cb
                0x10006088        0x4 CMakeFiles/FlightController.dir/C_/Work/DroneProjects/raspberrypipico/pico-sdk/src/rp2_common/pico_stdio_usb/reset_interface.c.obj
 .text.reset_usb_boot
                0x1000608c       0x18 CMakeFiles/FlightController.dir/C_/Work/DroneProjects/raspberrypipico/pico-sdk/src/rp2_common/pico_stdio_usb/reset_interface.c.obj
 .text.resetd_control_xfer_cb
                0x100060a4       0x5c CMakeFiles/FlightController.dir/C_/Work/DroneProjects/raspberrypipico/pico-sdk/src/rp2_common/pico_stdio_usb/reset_interface.c.obj
 .text.usbd_app_driver_get_cb
                0x10006100        0xc CMakeFiles/FlightController.dir/C_/Work/DroneProjects/raspberrypipico/pico-sdk/src/rp2_common/pico_stdio_usb/reset_interface.c.obj
                0x10006100                usbd_app_driver_get_cb
 .text.tud_cdc_line_coding_cb
                0x1000610c       0x28 CMakeFiles/FlightController.dir/C_/Work/DroneProjects/raspberrypipico/pico-sdk/src/rp2_common/pico_stdio_usb/reset_interface.c.obj
                0x1000610c                tud_cdc_line_coding_cb
 .text.stdio_usb_in_chars
                0x10006134       0x70 CMakeFiles/FlightController.dir/C_/Work/DroneProjects/raspberrypipico/pico-sdk/src/rp2_common/pico_stdio_usb/stdio_usb.c.obj
                0x10006134                stdio_usb_in_chars
 .text.low_priority_worker_irq
                0x100061a4       0x20 CMakeFiles/FlightController.dir/C_/Work/DroneProjects/raspberrypipico/pico-sdk/src/rp2_common/pico_stdio_usb/stdio_usb.c.obj
 .text.stdio_usb_out_chars
                0x100061c4       0xd4 CMakeFiles/FlightController.dir/C_/Work/DroneProjects/raspberrypipico/pico-sdk/src/rp2_common/pico_stdio_usb/stdio_usb.c.obj
 .text.timer_task
                0x10006298       0x40 CMakeFiles/FlightController.dir/C_/Work/DroneProjects/raspberrypipico/pico-sdk/src/rp2_common/pico_stdio_usb/stdio_usb.c.obj
 .text.usb_irq  0x100062d8       0x10 CMakeFiles/FlightController.dir/C_/Work/DroneProjects/raspberrypipico/pico-sdk/src/rp2_common/pico_stdio_usb/stdio_usb.c.obj
 .text.stdio_usb_init
                0x100062e8       0xec CMakeFiles/FlightController.dir/C_/Work/DroneProjects/raspberrypipico/pico-sdk/src/rp2_common/pico_stdio_usb/stdio_usb.c.obj
                0x100062e8                stdio_usb_init
 .text.tud_descriptor_device_cb
                0x100063d4        0x8 CMakeFiles/FlightController.dir/C_/Work/DroneProjects/raspberrypipico/pico-sdk/src/rp2_common/pico_stdio_usb/stdio_usb_descriptors.c.obj
                0x100063d4                tud_descriptor_device_cb
 .text.tud_descriptor_configuration_cb
                0x100063dc        0x8 CMakeFiles/FlightController.dir/C_/Work/DroneProjects/raspberrypipico/pico-sdk/src/rp2_common/pico_stdio_usb/stdio_usb_descriptors.c.obj
                0x100063dc                tud_descriptor_configuration_cb
 .text.tud_descriptor_string_cb
                0x100063e4       0x6c CMakeFiles/FlightController.dir/C_/Work/DroneProjects/raspberrypipico/pico-sdk/src/rp2_common/pico_stdio_usb/stdio_usb_descriptors.c.obj
                0x100063e4                tud_descriptor_string_cb
 .text.hw_endpoint_get_by_addr
                0x10006450       0x18 CMakeFiles/FlightController.dir/C_/Work/DroneProjects/raspberrypipico/pico-sdk/lib/tinyusb/src/portable/raspberrypi/rp2040/dcd_rp2040.c.obj
 .text.reset_ep0_pid
                0x10006468       0x28 CMakeFiles/FlightController.dir/C_/Work/DroneProjects/raspberrypipico/pico-sdk/lib/tinyusb/src/portable/raspberrypi/rp2040/dcd_rp2040.c.obj
 .text._hw_endpoint_alloc
                0x10006490       0x70 CMakeFiles/FlightController.dir/C_/Work/DroneProjects/raspberrypipico/pico-sdk/lib/tinyusb/src/portable/raspberrypi/rp2040/dcd_rp2040.c.obj
 .text.hw_endpoint_init
                0x10006500       0x88 CMakeFiles/FlightController.dir/C_/Work/DroneProjects/raspberrypipico/pico-sdk/lib/tinyusb/src/portable/raspberrypi/rp2040/dcd_rp2040.c.obj
 .text.reset_non_control_endpoints
                0x10006588       0x40 CMakeFiles/FlightController.dir/C_/Work/DroneProjects/raspberrypipico/pico-sdk/lib/tinyusb/src/portable/raspberrypi/rp2040/dcd_rp2040.c.obj
 .text.hw_handle_buff_status
                0x100065c8       0x8c CMakeFiles/FlightController.dir/C_/Work/DroneProjects/raspberrypipico/pico-sdk/lib/tinyusb/src/portable/raspberrypi/rp2040/dcd_rp2040.c.obj
 .text.dcd_rp2040_irq
                0x10006654       0xc0 CMakeFiles/FlightController.dir/C_/Work/DroneProjects/raspberrypipico/pico-sdk/lib/tinyusb/src/portable/raspberrypi/rp2040/dcd_rp2040.c.obj
 .text.hw_endpoint_xfer
                0x10006714       0x14 CMakeFiles/FlightController.dir/C_/Work/DroneProjects/raspberrypipico/pico-sdk/lib/tinyusb/src/portable/raspberrypi/rp2040/dcd_rp2040.c.obj
 .text.dcd_int_enable
                0x10006728       0x2c CMakeFiles/FlightController.dir/C_/Work/DroneProjects/raspberrypipico/pico-sdk/lib/tinyusb/src/portable/raspberrypi/rp2040/dcd_rp2040.c.obj
                0x10006728                dcd_int_enable
 .text.dcd_set_address
                0x10006754       0x2c CMakeFiles/FlightController.dir/C_/Work/DroneProjects/raspberrypipico/pico-sdk/lib/tinyusb/src/portable/raspberrypi/rp2040/dcd_rp2040.c.obj
                0x10006754                dcd_set_address
 .text.dcd_connect
                0x10006780       0x10 CMakeFiles/FlightController.dir/C_/Work/DroneProjects/raspberrypipico/pico-sdk/lib/tinyusb/src/portable/raspberrypi/rp2040/dcd_rp2040.c.obj
                0x10006780                dcd_connect
 .text.dcd_init
                0x10006790       0x7c CMakeFiles/FlightController.dir/C_/Work/DroneProjects/raspberrypipico/pico-sdk/lib/tinyusb/src/portable/raspberrypi/rp2040/dcd_rp2040.c.obj
                0x10006790                dcd_init
 .text.dcd_edpt0_status_complete
                0x1000680c       0x1c CMakeFiles/FlightController.dir/C_/Work/DroneProjects/raspberrypipico/pico-sdk/lib/tinyusb/src/portable/raspberrypi/rp2040/dcd_rp2040.c.obj
                0x1000680c                dcd_edpt0_status_complete
 .text.dcd_edpt_open
                0x10006828       0x40 CMakeFiles/FlightController.dir/C_/Work/DroneProjects/raspberrypipico/pico-sdk/lib/tinyusb/src/portable/raspberrypi/rp2040/dcd_rp2040.c.obj
                0x10006828                dcd_edpt_open
 .text.dcd_edpt_close_all
                0x10006868        0x8 CMakeFiles/FlightController.dir/C_/Work/DroneProjects/raspberrypipico/pico-sdk/lib/tinyusb/src/portable/raspberrypi/rp2040/dcd_rp2040.c.obj
                0x10006868                dcd_edpt_close_all
 .text.dcd_edpt_xfer
                0x10006870       0x30 CMakeFiles/FlightController.dir/C_/Work/DroneProjects/raspberrypipico/pico-sdk/lib/tinyusb/src/portable/raspberrypi/rp2040/dcd_rp2040.c.obj
                0x10006870                dcd_edpt_xfer
 .text.dcd_edpt_stall
                0x100068a0       0x2c CMakeFiles/FlightController.dir/C_/Work/DroneProjects/raspberrypipico/pico-sdk/lib/tinyusb/src/portable/raspberrypi/rp2040/dcd_rp2040.c.obj
                0x100068a0                dcd_edpt_stall
 .text.dcd_edpt_clear_stall
                0x100068cc       0x20 CMakeFiles/FlightController.dir/C_/Work/DroneProjects/raspberrypipico/pico-sdk/lib/tinyusb/src/portable/raspberrypi/rp2040/dcd_rp2040.c.obj
                0x100068cc                dcd_edpt_clear_stall
 .text.prepare_ep_buffer
                0x100068ec       0x70 CMakeFiles/FlightController.dir/C_/Work/DroneProjects/raspberrypipico/pico-sdk/lib/tinyusb/src/portable/raspberrypi/rp2040/rp2040_usb.c.obj
 .text.sync_ep_buffer
                0x1000695c       0x7c CMakeFiles/FlightController.dir/C_/Work/DroneProjects/raspberrypipico/pico-sdk/lib/tinyusb/src/portable/raspberrypi/rp2040/rp2040_usb.c.obj
 .text._hw_endpoint_xfer_sync
                0x100069d8       0x28 CMakeFiles/FlightController.dir/C_/Work/DroneProjects/raspberrypipico/pico-sdk/lib/tinyusb/src/portable/raspberrypi/rp2040/rp2040_usb.c.obj
 .text.rp2040_usb_init
                0x10006a00       0x4c CMakeFiles/FlightController.dir/C_/Work/DroneProjects/raspberrypipico/pico-sdk/lib/tinyusb/src/portable/raspberrypi/rp2040/rp2040_usb.c.obj
                0x10006a00                rp2040_usb_init
 .text.hw_endpoint_reset_transfer
                0x10006a4c        0xc CMakeFiles/FlightController.dir/C_/Work/DroneProjects/raspberrypipico/pico-sdk/lib/tinyusb/src/portable/raspberrypi/rp2040/rp2040_usb.c.obj
                0x10006a4c                hw_endpoint_reset_transfer
 .text._hw_endpoint_buffer_control_update32
                0x10006a58       0x58 CMakeFiles/FlightController.dir/C_/Work/DroneProjects/raspberrypipico/pico-sdk/lib/tinyusb/src/portable/raspberrypi/rp2040/rp2040_usb.c.obj
                0x10006a58                _hw_endpoint_buffer_control_update32
 .text._hw_endpoint_start_next_buffer
                0x10006ab0       0x74 CMakeFiles/FlightController.dir/C_/Work/DroneProjects/raspberrypipico/pico-sdk/lib/tinyusb/src/portable/raspberrypi/rp2040/rp2040_usb.c.obj
 .text.hw_endpoint_xfer_start
                0x10006b24       0x48 CMakeFiles/FlightController.dir/C_/Work/DroneProjects/raspberrypipico/pico-sdk/lib/tinyusb/src/portable/raspberrypi/rp2040/rp2040_usb.c.obj
                0x10006b24                hw_endpoint_xfer_start
 .text.hw_endpoint_xfer_continue
                0x10006b6c       0x38 CMakeFiles/FlightController.dir/C_/Work/DroneProjects/raspberrypipico/pico-sdk/lib/tinyusb/src/portable/raspberrypi/rp2040/rp2040_usb.c.obj
                0x10006b6c                hw_endpoint_xfer_continue
 .text.configuration_reset
                0x10006ba4       0x84 CMakeFiles/FlightController.dir/C_/Work/DroneProjects/raspberrypipico/pico-sdk/lib/tinyusb/src/device/usbd.c.obj
 .text.usbd_reset
                0x10006c28        0xc CMakeFiles/FlightController.dir/C_/Work/DroneProjects/raspberrypipico/pico-sdk/lib/tinyusb/src/device/usbd.c.obj
 .text.invoke_class_control
                0x10006c34       0x1a CMakeFiles/FlightController.dir/C_/Work/DroneProjects/raspberrypipico/pico-sdk/lib/tinyusb/src/device/usbd.c.obj
 *fill*         0x10006c4e        0x2 
 .text.process_set_config
                0x10006c50      0x1b0 CMakeFiles/FlightController.dir/C_/Work/DroneProjects/raspberrypipico/pico-sdk/lib/tinyusb/src/device/usbd.c.obj
 .text.process_get_descriptor
                0x10006e00       0xec CMakeFiles/FlightController.dir/C_/Work/DroneProjects/raspberrypipico/pico-sdk/lib/tinyusb/src/device/usbd.c.obj
 .text.tud_mounted
                0x10006eec       0x10 CMakeFiles/FlightController.dir/C_/Work/DroneProjects/raspberrypipico/pico-sdk/lib/tinyusb/src/device/usbd.c.obj
                0x10006eec                tud_mounted
 .text.tud_suspended
                0x10006efc       0x10 CMakeFiles/FlightController.dir/C_/Work/DroneProjects/raspberrypipico/pico-sdk/lib/tinyusb/src/device/usbd.c.obj
                0x10006efc                tud_suspended
 .text.tud_inited
                0x10006f0c        0xc CMakeFiles/FlightController.dir/C_/Work/DroneProjects/raspberrypipico/pico-sdk/lib/tinyusb/src/device/usbd.c.obj
                0x10006f0c                tud_inited
 .text.tud_init
                0x10006f18       0xcc CMakeFiles/FlightController.dir/C_/Work/DroneProjects/raspberrypipico/pico-sdk/lib/tinyusb/src/device/usbd.c.obj
                0x10006f18                tud_init
 .text.dcd_event_handler
                0x10006fe4      0x1e0 CMakeFiles/FlightController.dir/C_/Work/DroneProjects/raspberrypipico/pico-sdk/lib/tinyusb/src/device/usbd.c.obj
                0x10006fe4                dcd_event_handler
 .text.dcd_event_bus_signal
                0x100071c4       0x26 CMakeFiles/FlightController.dir/C_/Work/DroneProjects/raspberrypipico/pico-sdk/lib/tinyusb/src/device/usbd.c.obj
                0x100071c4                dcd_event_bus_signal
 .text.dcd_event_bus_reset
                0x100071ea       0x2a CMakeFiles/FlightController.dir/C_/Work/DroneProjects/raspberrypipico/pico-sdk/lib/tinyusb/src/device/usbd.c.obj
                0x100071ea                dcd_event_bus_reset
 .text.dcd_event_setup_received
                0x10007214       0x34 CMakeFiles/FlightController.dir/C_/Work/DroneProjects/raspberrypipico/pico-sdk/lib/tinyusb/src/device/usbd.c.obj
                0x10007214                dcd_event_setup_received
 .text.dcd_event_xfer_complete
                0x10007248       0x44 CMakeFiles/FlightController.dir/C_/Work/DroneProjects/raspberrypipico/pico-sdk/lib/tinyusb/src/device/usbd.c.obj
                0x10007248                dcd_event_xfer_complete
 .text.usbd_edpt_open
                0x1000728c       0x58 CMakeFiles/FlightController.dir/C_/Work/DroneProjects/raspberrypipico/pico-sdk/lib/tinyusb/src/device/usbd.c.obj
                0x1000728c                usbd_edpt_open
 .text.usbd_open_edpt_pair
                0x100072e4       0x8c CMakeFiles/FlightController.dir/C_/Work/DroneProjects/raspberrypipico/pico-sdk/lib/tinyusb/src/device/usbd.c.obj
                0x100072e4                usbd_open_edpt_pair
 .text.usbd_edpt_claim
                0x10007370       0x8c CMakeFiles/FlightController.dir/C_/Work/DroneProjects/raspberrypipico/pico-sdk/lib/tinyusb/src/device/usbd.c.obj
                0x10007370                usbd_edpt_claim
 .text.usbd_edpt_release
                0x100073fc       0x68 CMakeFiles/FlightController.dir/C_/Work/DroneProjects/raspberrypipico/pico-sdk/lib/tinyusb/src/device/usbd.c.obj
                0x100073fc                usbd_edpt_release
 .text.usbd_edpt_xfer
                0x10007464       0x80 CMakeFiles/FlightController.dir/C_/Work/DroneProjects/raspberrypipico/pico-sdk/lib/tinyusb/src/device/usbd.c.obj
                0x10007464                usbd_edpt_xfer
 .text.usbd_edpt_stall
                0x100074e4       0x40 CMakeFiles/FlightController.dir/C_/Work/DroneProjects/raspberrypipico/pico-sdk/lib/tinyusb/src/device/usbd.c.obj
                0x100074e4                usbd_edpt_stall
 .text.usbd_edpt_clear_stall
                0x10007524       0x40 CMakeFiles/FlightController.dir/C_/Work/DroneProjects/raspberrypipico/pico-sdk/lib/tinyusb/src/device/usbd.c.obj
                0x10007524                usbd_edpt_clear_stall
 .text.usbd_edpt_stalled
                0x10007564       0x1c CMakeFiles/FlightController.dir/C_/Work/DroneProjects/raspberrypipico/pico-sdk/lib/tinyusb/src/device/usbd.c.obj
                0x10007564                usbd_edpt_stalled
 .text.process_control_request
                0x10007580      0x3b8 CMakeFiles/FlightController.dir/C_/Work/DroneProjects/raspberrypipico/pico-sdk/lib/tinyusb/src/device/usbd.c.obj
 .text.tud_task
                0x10007938      0x218 CMakeFiles/FlightController.dir/C_/Work/DroneProjects/raspberrypipico/pico-sdk/lib/tinyusb/src/device/usbd.c.obj
                0x10007938                tud_task
 .text._data_stage_xact
                0x10007b50       0x58 CMakeFiles/FlightController.dir/C_/Work/DroneProjects/raspberrypipico/pico-sdk/lib/tinyusb/src/device/usbd_control.c.obj
 .text.tud_control_status
                0x10007ba8       0x38 CMakeFiles/FlightController.dir/C_/Work/DroneProjects/raspberrypipico/pico-sdk/lib/tinyusb/src/device/usbd_control.c.obj
                0x10007ba8                tud_control_status
 .text.tud_control_xfer
                0x10007be0       0xa8 CMakeFiles/FlightController.dir/C_/Work/DroneProjects/raspberrypipico/pico-sdk/lib/tinyusb/src/device/usbd_control.c.obj
                0x10007be0                tud_control_xfer
 .text.usbd_control_reset
                0x10007c88       0x14 CMakeFiles/FlightController.dir/C_/Work/DroneProjects/raspberrypipico/pico-sdk/lib/tinyusb/src/device/usbd_control.c.obj
                0x10007c88                usbd_control_reset
 .text.usbd_control_set_complete_callback
                0x10007c9c        0xc CMakeFiles/FlightController.dir/C_/Work/DroneProjects/raspberrypipico/pico-sdk/lib/tinyusb/src/device/usbd_control.c.obj
                0x10007c9c                usbd_control_set_complete_callback
 .text.usbd_control_set_request
                0x10007ca8       0x1c CMakeFiles/FlightController.dir/C_/Work/DroneProjects/raspberrypipico/pico-sdk/lib/tinyusb/src/device/usbd_control.c.obj
                0x10007ca8                usbd_control_set_request
 .text.usbd_control_xfer_cb
                0x10007cc4       0xfc CMakeFiles/FlightController.dir/C_/Work/DroneProjects/raspberrypipico/pico-sdk/lib/tinyusb/src/device/usbd_control.c.obj
                0x10007cc4                usbd_control_xfer_cb
 .text._prep_out_transaction
                0x10007dc0       0x46 CMakeFiles/FlightController.dir/C_/Work/DroneProjects/raspberrypipico/pico-sdk/lib/tinyusb/src/class/cdc/cdc_device.c.obj
 *fill*         0x10007e06        0x2 
 .text.tud_cdc_n_connected
                0x10007e08       0x44 CMakeFiles/FlightController.dir/C_/Work/DroneProjects/raspberrypipico/pico-sdk/lib/tinyusb/src/class/cdc/cdc_device.c.obj
                0x10007e08                tud_cdc_n_connected
 .text.tud_cdc_n_available
                0x10007e4c       0x18 CMakeFiles/FlightController.dir/C_/Work/DroneProjects/raspberrypipico/pico-sdk/lib/tinyusb/src/class/cdc/cdc_device.c.obj
                0x10007e4c                tud_cdc_n_available
 .text.tud_cdc_n_read
                0x10007e64       0x28 CMakeFiles/FlightController.dir/C_/Work/DroneProjects/raspberrypipico/pico-sdk/lib/tinyusb/src/class/cdc/cdc_device.c.obj
                0x10007e64                tud_cdc_n_read
 .text.tud_cdc_n_write_flush
                0x10007e8c       0xcc CMakeFiles/FlightController.dir/C_/Work/DroneProjects/raspberrypipico/pico-sdk/lib/tinyusb/src/class/cdc/cdc_device.c.obj
                0x10007e8c                tud_cdc_n_write_flush
 .text.tud_cdc_n_write
                0x10007f58       0x38 CMakeFiles/FlightController.dir/C_/Work/DroneProjects/raspberrypipico/pico-sdk/lib/tinyusb/src/class/cdc/cdc_device.c.obj
                0x10007f58                tud_cdc_n_write
 .text.tud_cdc_n_write_available
                0x10007f90       0x1c CMakeFiles/FlightController.dir/C_/Work/DroneProjects/raspberrypipico/pico-sdk/lib/tinyusb/src/class/cdc/cdc_device.c.obj
                0x10007f90                tud_cdc_n_write_available
 .text.cdcd_init
                0x10007fac       0xbc CMakeFiles/FlightController.dir/C_/Work/DroneProjects/raspberrypipico/pico-sdk/lib/tinyusb/src/class/cdc/cdc_device.c.obj
                0x10007fac                cdcd_init
 .text.cdcd_reset
                0x10008068       0x44 CMakeFiles/FlightController.dir/C_/Work/DroneProjects/raspberrypipico/pico-sdk/lib/tinyusb/src/class/cdc/cdc_device.c.obj
                0x10008068                cdcd_reset
 .text.cdcd_open
                0x100080ac       0xf8 CMakeFiles/FlightController.dir/C_/Work/DroneProjects/raspberrypipico/pico-sdk/lib/tinyusb/src/class/cdc/cdc_device.c.obj
                0x100080ac                cdcd_open
 .text.cdcd_control_xfer_cb
                0x100081a4      0x134 CMakeFiles/FlightController.dir/C_/Work/DroneProjects/raspberrypipico/pico-sdk/lib/tinyusb/src/class/cdc/cdc_device.c.obj
                0x100081a4                cdcd_control_xfer_cb
 .text.cdcd_xfer_cb
                0x100082d8      0x144 CMakeFiles/FlightController.dir/C_/Work/DroneProjects/raspberrypipico/pico-sdk/lib/tinyusb/src/class/cdc/cdc_device.c.obj
                0x100082d8                cdcd_xfer_cb
 .text.tusb_init
                0x1000841c       0x24 CMakeFiles/FlightController.dir/C_/Work/DroneProjects/raspberrypipico/pico-sdk/lib/tinyusb/src/tusb.c.obj
                0x1000841c                tusb_init
 .text.tusb_inited
                0x10008440        0xe CMakeFiles/FlightController.dir/C_/Work/DroneProjects/raspberrypipico/pico-sdk/lib/tinyusb/src/tusb.c.obj
                0x10008440                tusb_inited
 *fill*         0x1000844e        0x2 
 .text.tu_edpt_validate
                0x10008450       0xa8 CMakeFiles/FlightController.dir/C_/Work/DroneProjects/raspberrypipico/pico-sdk/lib/tinyusb/src/tusb.c.obj
                0x10008450                tu_edpt_validate
 .text.tu_edpt_bind_driver
                0x100084f8       0x2a CMakeFiles/FlightController.dir/C_/Work/DroneProjects/raspberrypipico/pico-sdk/lib/tinyusb/src/tusb.c.obj
                0x100084f8                tu_edpt_bind_driver
 .text.advance_pointer
                0x10008522       0x18 CMakeFiles/FlightController.dir/C_/Work/DroneProjects/raspberrypipico/pico-sdk/lib/tinyusb/src/common/tusb_fifo.c.obj
 .text.backward_pointer
                0x1000853a       0x1e CMakeFiles/FlightController.dir/C_/Work/DroneProjects/raspberrypipico/pico-sdk/lib/tinyusb/src/common/tusb_fifo.c.obj
 .text.get_relative_pointer
                0x10008558       0x10 CMakeFiles/FlightController.dir/C_/Work/DroneProjects/raspberrypipico/pico-sdk/lib/tinyusb/src/common/tusb_fifo.c.obj
 .text._tu_fifo_peek
                0x10008568       0x50 CMakeFiles/FlightController.dir/C_/Work/DroneProjects/raspberrypipico/pico-sdk/lib/tinyusb/src/common/tusb_fifo.c.obj
 .text._ff_pull_const_addr
                0x100085b8       0x4c CMakeFiles/FlightController.dir/C_/Work/DroneProjects/raspberrypipico/pico-sdk/lib/tinyusb/src/common/tusb_fifo.c.obj
 .text._ff_pull_n
                0x10008604      0x10c CMakeFiles/FlightController.dir/C_/Work/DroneProjects/raspberrypipico/pico-sdk/lib/tinyusb/src/common/tusb_fifo.c.obj
 .text._tu_fifo_peek_n
                0x10008710       0x5e CMakeFiles/FlightController.dir/C_/Work/DroneProjects/raspberrypipico/pico-sdk/lib/tinyusb/src/common/tusb_fifo.c.obj
 .text._tu_fifo_read_n
                0x1000876e       0x4e CMakeFiles/FlightController.dir/C_/Work/DroneProjects/raspberrypipico/pico-sdk/lib/tinyusb/src/common/tusb_fifo.c.obj
 .text._ff_push_const_addr
                0x100087bc       0x40 CMakeFiles/FlightController.dir/C_/Work/DroneProjects/raspberrypipico/pico-sdk/lib/tinyusb/src/common/tusb_fifo.c.obj
 .text._ff_push_n
                0x100087fc      0x108 CMakeFiles/FlightController.dir/C_/Work/DroneProjects/raspberrypipico/pico-sdk/lib/tinyusb/src/common/tusb_fifo.c.obj
 .text._tu_fifo_write_n
                0x10008904       0x9e CMakeFiles/FlightController.dir/C_/Work/DroneProjects/raspberrypipico/pico-sdk/lib/tinyusb/src/common/tusb_fifo.c.obj
 .text.tu_fifo_config
                0x100089a2       0x72 CMakeFiles/FlightController.dir/C_/Work/DroneProjects/raspberrypipico/pico-sdk/lib/tinyusb/src/common/tusb_fifo.c.obj
                0x100089a2                tu_fifo_config
 .text.tu_fifo_count
                0x10008a14       0x26 CMakeFiles/FlightController.dir/C_/Work/DroneProjects/raspberrypipico/pico-sdk/lib/tinyusb/src/common/tusb_fifo.c.obj
                0x10008a14                tu_fifo_count
 .text.tu_fifo_empty
                0x10008a3a       0x10 CMakeFiles/FlightController.dir/C_/Work/DroneProjects/raspberrypipico/pico-sdk/lib/tinyusb/src/common/tusb_fifo.c.obj
                0x10008a3a                tu_fifo_empty
 .text.tu_fifo_remaining
                0x10008a4a       0x20 CMakeFiles/FlightController.dir/C_/Work/DroneProjects/raspberrypipico/pico-sdk/lib/tinyusb/src/common/tusb_fifo.c.obj
                0x10008a4a                tu_fifo_remaining
 .text.tu_fifo_read
                0x10008a6a       0x42 CMakeFiles/FlightController.dir/C_/Work/DroneProjects/raspberrypipico/pico-sdk/lib/tinyusb/src/common/tusb_fifo.c.obj
                0x10008a6a                tu_fifo_read
 .text.tu_fifo_read_n
                0x10008aac        0xa CMakeFiles/FlightController.dir/C_/Work/DroneProjects/raspberrypipico/pico-sdk/lib/tinyusb/src/common/tusb_fifo.c.obj
                0x10008aac                tu_fifo_read_n
 .text.tu_fifo_write
                0x10008ab6       0x6c CMakeFiles/FlightController.dir/C_/Work/DroneProjects/raspberrypipico/pico-sdk/lib/tinyusb/src/common/tusb_fifo.c.obj
                0x10008ab6                tu_fifo_write
 .text.tu_fifo_write_n
                0x10008b22        0xa CMakeFiles/FlightController.dir/C_/Work/DroneProjects/raspberrypipico/pico-sdk/lib/tinyusb/src/common/tusb_fifo.c.obj
                0x10008b22                tu_fifo_write_n
 .text.tu_fifo_clear
                0x10008b2c       0x4c CMakeFiles/FlightController.dir/C_/Work/DroneProjects/raspberrypipico/pico-sdk/lib/tinyusb/src/common/tusb_fifo.c.obj
                0x10008b2c                tu_fifo_clear
 .text.tu_fifo_set_overwritable
                0x10008b78       0x3c CMakeFiles/FlightController.dir/C_/Work/DroneProjects/raspberrypipico/pico-sdk/lib/tinyusb/src/common/tusb_fifo.c.obj
                0x10008b78                tu_fifo_set_overwritable
 .text._retrieve_unique_id_on_boot
                0x10008bb4       0x10 CMakeFiles/FlightController.dir/C_/Work/DroneProjects/raspberrypipico/pico-sdk/src/rp2_common/pico_unique_id/unique_id.c.obj
 .text.pico_get_unique_board_id_string
                0x10008bc4       0x60 CMakeFiles/FlightController.dir/C_/Work/DroneProjects/raspberrypipico/pico-sdk/src/rp2_common/pico_unique_id/unique_id.c.obj
                0x10008bc4                pico_get_unique_board_id_string
 .text.flash_get_unique_id
                0x10008c24       0x46 CMakeFiles/FlightController.dir/C_/Work/DroneProjects/raspberrypipico/pico-sdk/src/rp2_common/hardware_flash/flash.c.obj
                0x10008c24                flash_get_unique_id
 .text.spi_set_baudrate
                0x10008c6a       0x92 CMakeFiles/FlightController.dir/C_/Work/DroneProjects/raspberrypipico/pico-sdk/src/rp2_common/hardware_spi/spi.c.obj
                0x10008c6a                spi_set_baudrate
 .text.spi_init
                0x10008cfc       0x68 CMakeFiles/FlightController.dir/C_/Work/DroneProjects/raspberrypipico/pico-sdk/src/rp2_common/hardware_spi/spi.c.obj
                0x10008cfc                spi_init
 .text.i2c_write_blocking_internal
                0x10008d64      0x140 CMakeFiles/FlightController.dir/C_/Work/DroneProjects/raspberrypipico/pico-sdk/src/rp2_common/hardware_i2c/i2c.c.obj
 .text.i2c_read_blocking_internal
                0x10008ea4       0xe6 CMakeFiles/FlightController.dir/C_/Work/DroneProjects/raspberrypipico/pico-sdk/src/rp2_common/hardware_i2c/i2c.c.obj
 *fill*         0x10008f8a        0x2 
 .text.i2c_set_baudrate
                0x10008f8c       0xf0 CMakeFiles/FlightController.dir/C_/Work/DroneProjects/raspberrypipico/pico-sdk/src/rp2_common/hardware_i2c/i2c.c.obj
                0x10008f8c                i2c_set_baudrate
 .text.i2c_init
                0x1000907c       0x58 CMakeFiles/FlightController.dir/C_/Work/DroneProjects/raspberrypipico/pico-sdk/src/rp2_common/hardware_i2c/i2c.c.obj
                0x1000907c                i2c_init
 .text.i2c_write_blocking
                0x100090d4       0x18 CMakeFiles/FlightController.dir/C_/Work/DroneProjects/raspberrypipico/pico-sdk/src/rp2_common/hardware_i2c/i2c.c.obj
                0x100090d4                i2c_write_blocking
 .text.i2c_read_blocking
                0x100090ec       0x18 CMakeFiles/FlightController.dir/C_/Work/DroneProjects/raspberrypipico/pico-sdk/src/rp2_common/hardware_i2c/i2c.c.obj
                0x100090ec                i2c_read_blocking
 .text.ff_memalloc
                0x10009104        0x8 CMakeFiles/FlightController.dir/Core/FileSystem/SDPicoGitProject/no-OS-FatFS-SD-SPI-RPi-Pico/FatFs_SPI/ff14a/source/ffsystem.c.obj
                0x10009104                ff_memalloc
 .text.ff_memfree
                0x1000910c        0x8 CMakeFiles/FlightController.dir/Core/FileSystem/SDPicoGitProject/no-OS-FatFS-SD-SPI-RPi-Pico/FatFs_SPI/ff14a/source/ffsystem.c.obj
                0x1000910c                ff_memfree
 .text.ff_uni2oem
                0x10009114       0x44 CMakeFiles/FlightController.dir/Core/FileSystem/SDPicoGitProject/no-OS-FatFS-SD-SPI-RPi-Pico/FatFs_SPI/ff14a/source/ffunicode.c.obj
                0x10009114                ff_uni2oem
 .text.ff_wtoupper
                0x10009158       0xa8 CMakeFiles/FlightController.dir/Core/FileSystem/SDPicoGitProject/no-OS-FatFS-SD-SPI-RPi-Pico/FatFs_SPI/ff14a/source/ffunicode.c.obj
                0x10009158                ff_wtoupper
 .text.ld_word  0x10009200        0xa CMakeFiles/FlightController.dir/Core/FileSystem/SDPicoGitProject/no-OS-FatFS-SD-SPI-RPi-Pico/FatFs_SPI/ff14a/source/ff.c.obj
 .text.ld_dword
                0x1000920a       0x18 CMakeFiles/FlightController.dir/Core/FileSystem/SDPicoGitProject/no-OS-FatFS-SD-SPI-RPi-Pico/FatFs_SPI/ff14a/source/ff.c.obj
 .text.ld_qword
                0x10009222       0x42 CMakeFiles/FlightController.dir/Core/FileSystem/SDPicoGitProject/no-OS-FatFS-SD-SPI-RPi-Pico/FatFs_SPI/ff14a/source/ff.c.obj
 .text.st_word  0x10009264        0x8 CMakeFiles/FlightController.dir/Core/FileSystem/SDPicoGitProject/no-OS-FatFS-SD-SPI-RPi-Pico/FatFs_SPI/ff14a/source/ff.c.obj
 .text.st_dword
                0x1000926c       0x10 CMakeFiles/FlightController.dir/Core/FileSystem/SDPicoGitProject/no-OS-FatFS-SD-SPI-RPi-Pico/FatFs_SPI/ff14a/source/ff.c.obj
 .text.st_qword
                0x1000927c       0x1e CMakeFiles/FlightController.dir/Core/FileSystem/SDPicoGitProject/no-OS-FatFS-SD-SPI-RPi-Pico/FatFs_SPI/ff14a/source/ff.c.obj
 .text.mem_cpy  0x1000929a       0x16 CMakeFiles/FlightController.dir/Core/FileSystem/SDPicoGitProject/no-OS-FatFS-SD-SPI-RPi-Pico/FatFs_SPI/ff14a/source/ff.c.obj
 .text.mem_set  0x100092b0        0xc CMakeFiles/FlightController.dir/Core/FileSystem/SDPicoGitProject/no-OS-FatFS-SD-SPI-RPi-Pico/FatFs_SPI/ff14a/source/ff.c.obj
 .text.mem_cmp  0x100092bc       0x1a CMakeFiles/FlightController.dir/Core/FileSystem/SDPicoGitProject/no-OS-FatFS-SD-SPI-RPi-Pico/FatFs_SPI/ff14a/source/ff.c.obj
 .text.chk_chr  0x100092d6       0x12 CMakeFiles/FlightController.dir/Core/FileSystem/SDPicoGitProject/no-OS-FatFS-SD-SPI-RPi-Pico/FatFs_SPI/ff14a/source/ff.c.obj
 .text.dbc_1st  0x100092e8        0x4 CMakeFiles/FlightController.dir/Core/FileSystem/SDPicoGitProject/no-OS-FatFS-SD-SPI-RPi-Pico/FatFs_SPI/ff14a/source/ff.c.obj
 .text.tchar2uni
                0x100092ec       0xd0 CMakeFiles/FlightController.dir/Core/FileSystem/SDPicoGitProject/no-OS-FatFS-SD-SPI-RPi-Pico/FatFs_SPI/ff14a/source/ff.c.obj
 .text.chk_lock
                0x100093bc       0x78 CMakeFiles/FlightController.dir/Core/FileSystem/SDPicoGitProject/no-OS-FatFS-SD-SPI-RPi-Pico/FatFs_SPI/ff14a/source/ff.c.obj
 .text.enq_lock
                0x10009434       0x20 CMakeFiles/FlightController.dir/Core/FileSystem/SDPicoGitProject/no-OS-FatFS-SD-SPI-RPi-Pico/FatFs_SPI/ff14a/source/ff.c.obj
 .text.inc_lock
                0x10009454       0xa8 CMakeFiles/FlightController.dir/Core/FileSystem/SDPicoGitProject/no-OS-FatFS-SD-SPI-RPi-Pico/FatFs_SPI/ff14a/source/ff.c.obj
 .text.dec_lock
                0x100094fc       0x44 CMakeFiles/FlightController.dir/Core/FileSystem/SDPicoGitProject/no-OS-FatFS-SD-SPI-RPi-Pico/FatFs_SPI/ff14a/source/ff.c.obj
 .text.clear_lock
                0x10009540       0x24 CMakeFiles/FlightController.dir/Core/FileSystem/SDPicoGitProject/no-OS-FatFS-SD-SPI-RPi-Pico/FatFs_SPI/ff14a/source/ff.c.obj
 .text.clst2sect
                0x10009564       0x28 CMakeFiles/FlightController.dir/Core/FileSystem/SDPicoGitProject/no-OS-FatFS-SD-SPI-RPi-Pico/FatFs_SPI/ff14a/source/ff.c.obj
 .text.clmt_clust
                0x1000958c       0x30 CMakeFiles/FlightController.dir/Core/FileSystem/SDPicoGitProject/no-OS-FatFS-SD-SPI-RPi-Pico/FatFs_SPI/ff14a/source/ff.c.obj
 .text.ld_clust
                0x100095bc       0x26 CMakeFiles/FlightController.dir/Core/FileSystem/SDPicoGitProject/no-OS-FatFS-SD-SPI-RPi-Pico/FatFs_SPI/ff14a/source/ff.c.obj
 .text.st_clust
                0x100095e2       0x26 CMakeFiles/FlightController.dir/Core/FileSystem/SDPicoGitProject/no-OS-FatFS-SD-SPI-RPi-Pico/FatFs_SPI/ff14a/source/ff.c.obj
 .text.pick_lfn
                0x10009608       0x94 CMakeFiles/FlightController.dir/Core/FileSystem/SDPicoGitProject/no-OS-FatFS-SD-SPI-RPi-Pico/FatFs_SPI/ff14a/source/ff.c.obj
 .text.put_lfn  0x1000969c       0x8c CMakeFiles/FlightController.dir/Core/FileSystem/SDPicoGitProject/no-OS-FatFS-SD-SPI-RPi-Pico/FatFs_SPI/ff14a/source/ff.c.obj
 .text.gen_numname
                0x10009728       0xa8 CMakeFiles/FlightController.dir/Core/FileSystem/SDPicoGitProject/no-OS-FatFS-SD-SPI-RPi-Pico/FatFs_SPI/ff14a/source/ff.c.obj
 .text.sum_sfn  0x100097d0       0x20 CMakeFiles/FlightController.dir/Core/FileSystem/SDPicoGitProject/no-OS-FatFS-SD-SPI-RPi-Pico/FatFs_SPI/ff14a/source/ff.c.obj
 .text.xdir_sum
                0x100097f0       0x2e CMakeFiles/FlightController.dir/Core/FileSystem/SDPicoGitProject/no-OS-FatFS-SD-SPI-RPi-Pico/FatFs_SPI/ff14a/source/ff.c.obj
 .text.init_alloc_info
                0x1000981e       0x2e CMakeFiles/FlightController.dir/Core/FileSystem/SDPicoGitProject/no-OS-FatFS-SD-SPI-RPi-Pico/FatFs_SPI/ff14a/source/ff.c.obj
 .text.get_ldnumber
                0x1000984c       0x5c CMakeFiles/FlightController.dir/Core/FileSystem/SDPicoGitProject/no-OS-FatFS-SD-SPI-RPi-Pico/FatFs_SPI/ff14a/source/ff.c.obj
 .text.crc32    0x100098a8       0x2c CMakeFiles/FlightController.dir/Core/FileSystem/SDPicoGitProject/no-OS-FatFS-SD-SPI-RPi-Pico/FatFs_SPI/ff14a/source/ff.c.obj
 .text.test_gpt_header
                0x100098d4       0x64 CMakeFiles/FlightController.dir/Core/FileSystem/SDPicoGitProject/no-OS-FatFS-SD-SPI-RPi-Pico/FatFs_SPI/ff14a/source/ff.c.obj
 .text.putc_init
                0x10009938       0x12 CMakeFiles/FlightController.dir/Core/FileSystem/SDPicoGitProject/no-OS-FatFS-SD-SPI-RPi-Pico/FatFs_SPI/ff14a/source/ff.c.obj
 .text.validate
                0x1000994a       0x52 CMakeFiles/FlightController.dir/Core/FileSystem/SDPicoGitProject/no-OS-FatFS-SD-SPI-RPi-Pico/FatFs_SPI/ff14a/source/ff.c.obj
 .text.sync_window
                0x1000999c       0x70 CMakeFiles/FlightController.dir/Core/FileSystem/SDPicoGitProject/no-OS-FatFS-SD-SPI-RPi-Pico/FatFs_SPI/ff14a/source/ff.c.obj
 .text.move_window
                0x10009a0c       0x4c CMakeFiles/FlightController.dir/Core/FileSystem/SDPicoGitProject/no-OS-FatFS-SD-SPI-RPi-Pico/FatFs_SPI/ff14a/source/ff.c.obj
 .text.check_fs
                0x10009a58       0xdc CMakeFiles/FlightController.dir/Core/FileSystem/SDPicoGitProject/no-OS-FatFS-SD-SPI-RPi-Pico/FatFs_SPI/ff14a/source/ff.c.obj
 .text.find_volume
                0x10009b34      0x14c CMakeFiles/FlightController.dir/Core/FileSystem/SDPicoGitProject/no-OS-FatFS-SD-SPI-RPi-Pico/FatFs_SPI/ff14a/source/ff.c.obj
 .text.mount_volume
                0x10009c80      0x540 CMakeFiles/FlightController.dir/Core/FileSystem/SDPicoGitProject/no-OS-FatFS-SD-SPI-RPi-Pico/FatFs_SPI/ff14a/source/ff.c.obj
 .text.find_bitmap
                0x1000a1c0       0xa6 CMakeFiles/FlightController.dir/Core/FileSystem/SDPicoGitProject/no-OS-FatFS-SD-SPI-RPi-Pico/FatFs_SPI/ff14a/source/ff.c.obj
 .text.change_bitmap
                0x1000a266       0x96 CMakeFiles/FlightController.dir/Core/FileSystem/SDPicoGitProject/no-OS-FatFS-SD-SPI-RPi-Pico/FatFs_SPI/ff14a/source/ff.c.obj
 .text.put_fat  0x1000a2fc      0x176 CMakeFiles/FlightController.dir/Core/FileSystem/SDPicoGitProject/no-OS-FatFS-SD-SPI-RPi-Pico/FatFs_SPI/ff14a/source/ff.c.obj
 .text.fill_last_frag
                0x1000a472       0x32 CMakeFiles/FlightController.dir/Core/FileSystem/SDPicoGitProject/no-OS-FatFS-SD-SPI-RPi-Pico/FatFs_SPI/ff14a/source/ff.c.obj
 .text.fill_first_frag
                0x1000a4a4       0x32 CMakeFiles/FlightController.dir/Core/FileSystem/SDPicoGitProject/no-OS-FatFS-SD-SPI-RPi-Pico/FatFs_SPI/ff14a/source/ff.c.obj
 *fill*         0x1000a4d6        0x2 
 .text.get_fat  0x1000a4d8      0x1ac CMakeFiles/FlightController.dir/Core/FileSystem/SDPicoGitProject/no-OS-FatFS-SD-SPI-RPi-Pico/FatFs_SPI/ff14a/source/ff.c.obj
 .text.create_chain
                0x1000a684      0x1c6 CMakeFiles/FlightController.dir/Core/FileSystem/SDPicoGitProject/no-OS-FatFS-SD-SPI-RPi-Pico/FatFs_SPI/ff14a/source/ff.c.obj
 .text.dir_sdi  0x1000a84a       0xd4 CMakeFiles/FlightController.dir/Core/FileSystem/SDPicoGitProject/no-OS-FatFS-SD-SPI-RPi-Pico/FatFs_SPI/ff14a/source/ff.c.obj
 .text.remove_chain
                0x1000a91e      0x14c CMakeFiles/FlightController.dir/Core/FileSystem/SDPicoGitProject/no-OS-FatFS-SD-SPI-RPi-Pico/FatFs_SPI/ff14a/source/ff.c.obj
 .text.dir_clear
                0x1000aa6a       0xf0 CMakeFiles/FlightController.dir/Core/FileSystem/SDPicoGitProject/no-OS-FatFS-SD-SPI-RPi-Pico/FatFs_SPI/ff14a/source/ff.c.obj
 .text.dir_next
                0x1000ab5a      0x104 CMakeFiles/FlightController.dir/Core/FileSystem/SDPicoGitProject/no-OS-FatFS-SD-SPI-RPi-Pico/FatFs_SPI/ff14a/source/ff.c.obj
 .text.load_xdir
                0x1000ac5e      0x10c CMakeFiles/FlightController.dir/Core/FileSystem/SDPicoGitProject/no-OS-FatFS-SD-SPI-RPi-Pico/FatFs_SPI/ff14a/source/ff.c.obj
 .text.load_obj_xdir
                0x1000ad6a       0x36 CMakeFiles/FlightController.dir/Core/FileSystem/SDPicoGitProject/no-OS-FatFS-SD-SPI-RPi-Pico/FatFs_SPI/ff14a/source/ff.c.obj
 .text.dir_read
                0x1000ada0      0x114 CMakeFiles/FlightController.dir/Core/FileSystem/SDPicoGitProject/no-OS-FatFS-SD-SPI-RPi-Pico/FatFs_SPI/ff14a/source/ff.c.obj
 .text.dir_alloc
                0x1000aeb4       0x70 CMakeFiles/FlightController.dir/Core/FileSystem/SDPicoGitProject/no-OS-FatFS-SD-SPI-RPi-Pico/FatFs_SPI/ff14a/source/ff.c.obj
 .text.store_xdir
                0x1000af24       0x66 CMakeFiles/FlightController.dir/Core/FileSystem/SDPicoGitProject/no-OS-FatFS-SD-SPI-RPi-Pico/FatFs_SPI/ff14a/source/ff.c.obj
 *fill*         0x1000af8a        0x2 
 .text.create_name
                0x1000af8c      0x31c CMakeFiles/FlightController.dir/Core/FileSystem/SDPicoGitProject/no-OS-FatFS-SD-SPI-RPi-Pico/FatFs_SPI/ff14a/source/ff.c.obj
 .text.xname_sum
                0x1000b2a8       0x38 CMakeFiles/FlightController.dir/Core/FileSystem/SDPicoGitProject/no-OS-FatFS-SD-SPI-RPi-Pico/FatFs_SPI/ff14a/source/ff.c.obj
 .text.create_xdir
                0x1000b2e0       0x90 CMakeFiles/FlightController.dir/Core/FileSystem/SDPicoGitProject/no-OS-FatFS-SD-SPI-RPi-Pico/FatFs_SPI/ff14a/source/ff.c.obj
 .text.cmp_lfn  0x1000b370       0xb0 CMakeFiles/FlightController.dir/Core/FileSystem/SDPicoGitProject/no-OS-FatFS-SD-SPI-RPi-Pico/FatFs_SPI/ff14a/source/ff.c.obj
 .text.dir_find
                0x1000b420      0x18c CMakeFiles/FlightController.dir/Core/FileSystem/SDPicoGitProject/no-OS-FatFS-SD-SPI-RPi-Pico/FatFs_SPI/ff14a/source/ff.c.obj
 .text.follow_path
                0x1000b5ac      0x11a CMakeFiles/FlightController.dir/Core/FileSystem/SDPicoGitProject/no-OS-FatFS-SD-SPI-RPi-Pico/FatFs_SPI/ff14a/source/ff.c.obj
 .text.dir_register
                0x1000b6c6      0x214 CMakeFiles/FlightController.dir/Core/FileSystem/SDPicoGitProject/no-OS-FatFS-SD-SPI-RPi-Pico/FatFs_SPI/ff14a/source/ff.c.obj
 *fill*         0x1000b8da        0x2 
 .text.sync_fs  0x1000b8dc       0xa8 CMakeFiles/FlightController.dir/Core/FileSystem/SDPicoGitProject/no-OS-FatFS-SD-SPI-RPi-Pico/FatFs_SPI/ff14a/source/ff.c.obj
 .text.f_mount  0x1000b984       0x5c CMakeFiles/FlightController.dir/Core/FileSystem/SDPicoGitProject/no-OS-FatFS-SD-SPI-RPi-Pico/FatFs_SPI/ff14a/source/ff.c.obj
                0x1000b984                f_mount
 .text.f_open   0x1000b9e0      0x35c CMakeFiles/FlightController.dir/Core/FileSystem/SDPicoGitProject/no-OS-FatFS-SD-SPI-RPi-Pico/FatFs_SPI/ff14a/source/ff.c.obj
                0x1000b9e0                f_open
 .text.f_write  0x1000bd3c      0x2a0 CMakeFiles/FlightController.dir/Core/FileSystem/SDPicoGitProject/no-OS-FatFS-SD-SPI-RPi-Pico/FatFs_SPI/ff14a/source/ff.c.obj
                0x1000bd3c                f_write
 .text.putc_bfd
                0x1000bfdc      0x18c CMakeFiles/FlightController.dir/Core/FileSystem/SDPicoGitProject/no-OS-FatFS-SD-SPI-RPi-Pico/FatFs_SPI/ff14a/source/ff.c.obj
 .text.putc_flush
                0x1000c168       0x3c CMakeFiles/FlightController.dir/Core/FileSystem/SDPicoGitProject/no-OS-FatFS-SD-SPI-RPi-Pico/FatFs_SPI/ff14a/source/ff.c.obj
 .text.f_sync   0x1000c1a4      0x17e CMakeFiles/FlightController.dir/Core/FileSystem/SDPicoGitProject/no-OS-FatFS-SD-SPI-RPi-Pico/FatFs_SPI/ff14a/source/ff.c.obj
                0x1000c1a4                f_sync
 .text.f_close  0x1000c322       0x2e CMakeFiles/FlightController.dir/Core/FileSystem/SDPicoGitProject/no-OS-FatFS-SD-SPI-RPi-Pico/FatFs_SPI/ff14a/source/ff.c.obj
                0x1000c322                f_close
 .text.f_printf
                0x1000c350      0x280 CMakeFiles/FlightController.dir/Core/FileSystem/SDPicoGitProject/no-OS-FatFS-SD-SPI-RPi-Pico/FatFs_SPI/ff14a/source/ff.c.obj
                0x1000c350                f_printf
 .text.sd_spi_deselect
                0x1000c5d0       0x2c CMakeFiles/FlightController.dir/Core/FileSystem/SDPicoGitProject/no-OS-FatFS-SD-SPI-RPi-Pico/FatFs_SPI/sd_driver/sd_spi.c.obj
 .text.sd_spi_select
                0x1000c5fc       0x2c CMakeFiles/FlightController.dir/Core/FileSystem/SDPicoGitProject/no-OS-FatFS-SD-SPI-RPi-Pico/FatFs_SPI/sd_driver/sd_spi.c.obj
 .text.sd_spi_lock
                0x1000c628        0xa CMakeFiles/FlightController.dir/Core/FileSystem/SDPicoGitProject/no-OS-FatFS-SD-SPI-RPi-Pico/FatFs_SPI/sd_driver/sd_spi.c.obj
 .text.sd_spi_unlock
                0x1000c632        0xa CMakeFiles/FlightController.dir/Core/FileSystem/SDPicoGitProject/no-OS-FatFS-SD-SPI-RPi-Pico/FatFs_SPI/sd_driver/sd_spi.c.obj
 .text.sd_spi_go_high_frequency
                0x1000c63c       0x20 CMakeFiles/FlightController.dir/Core/FileSystem/SDPicoGitProject/no-OS-FatFS-SD-SPI-RPi-Pico/FatFs_SPI/sd_driver/sd_spi.c.obj
                0x1000c63c                sd_spi_go_high_frequency
 .text.sd_spi_go_low_frequency
                0x1000c65c       0x24 CMakeFiles/FlightController.dir/Core/FileSystem/SDPicoGitProject/no-OS-FatFS-SD-SPI-RPi-Pico/FatFs_SPI/sd_driver/sd_spi.c.obj
                0x1000c65c                sd_spi_go_low_frequency
 .text.sd_spi_deselect_pulse
                0x1000c680       0x10 CMakeFiles/FlightController.dir/Core/FileSystem/SDPicoGitProject/no-OS-FatFS-SD-SPI-RPi-Pico/FatFs_SPI/sd_driver/sd_spi.c.obj
                0x1000c680                sd_spi_deselect_pulse
 .text.sd_spi_acquire
                0x1000c690       0x10 CMakeFiles/FlightController.dir/Core/FileSystem/SDPicoGitProject/no-OS-FatFS-SD-SPI-RPi-Pico/FatFs_SPI/sd_driver/sd_spi.c.obj
                0x1000c690                sd_spi_acquire
 .text.sd_spi_release
                0x1000c6a0       0x10 CMakeFiles/FlightController.dir/Core/FileSystem/SDPicoGitProject/no-OS-FatFS-SD-SPI-RPi-Pico/FatFs_SPI/sd_driver/sd_spi.c.obj
                0x1000c6a0                sd_spi_release
 .text.sd_spi_transfer
                0x1000c6b0        0xa CMakeFiles/FlightController.dir/Core/FileSystem/SDPicoGitProject/no-OS-FatFS-SD-SPI-RPi-Pico/FatFs_SPI/sd_driver/sd_spi.c.obj
                0x1000c6b0                sd_spi_transfer
 *fill*         0x1000c6ba        0x2 
 .text.sd_spi_write
                0x1000c6bc       0x44 CMakeFiles/FlightController.dir/Core/FileSystem/SDPicoGitProject/no-OS-FatFS-SD-SPI-RPi-Pico/FatFs_SPI/sd_driver/sd_spi.c.obj
                0x1000c6bc                sd_spi_write
 .text.sd_spi_send_initializing_sequence
                0x1000c700       0xc0 CMakeFiles/FlightController.dir/Core/FileSystem/SDPicoGitProject/no-OS-FatFS-SD-SPI-RPi-Pico/FatFs_SPI/sd_driver/sd_spi.c.obj
                0x1000c700                sd_spi_send_initializing_sequence
 .text.spi_lock
                0x1000c7c0       0x30 CMakeFiles/FlightController.dir/Core/FileSystem/SDPicoGitProject/no-OS-FatFS-SD-SPI-RPi-Pico/FatFs_SPI/sd_driver/spi.c.obj
                0x1000c7c0                spi_lock
 .text.spi_unlock
                0x1000c7f0       0x30 CMakeFiles/FlightController.dir/Core/FileSystem/SDPicoGitProject/no-OS-FatFS-SD-SPI-RPi-Pico/FatFs_SPI/sd_driver/spi.c.obj
                0x1000c7f0                spi_unlock
 .text.my_spi_init
                0x1000c820      0x250 CMakeFiles/FlightController.dir/Core/FileSystem/SDPicoGitProject/no-OS-FatFS-SD-SPI-RPi-Pico/FatFs_SPI/sd_driver/spi.c.obj
                0x1000c820                my_spi_init
 .text.spi0_dma_isr
                0x1000ca70       0x10 CMakeFiles/FlightController.dir/Core/FileSystem/SDPicoGitProject/no-OS-FatFS-SD-SPI-RPi-Pico/FatFs_SPI/sd_driver/sd_card.c.obj
                0x1000ca70                spi0_dma_isr
 .text.ext_bits
                0x1000ca80       0x30 CMakeFiles/FlightController.dir/Core/FileSystem/SDPicoGitProject/no-OS-FatFS-SD-SPI-RPi-Pico/FatFs_SPI/sd_driver/sd_card.c.obj
 .text.sd_lock  0x1000cab0       0x30 CMakeFiles/FlightController.dir/Core/FileSystem/SDPicoGitProject/no-OS-FatFS-SD-SPI-RPi-Pico/FatFs_SPI/sd_driver/sd_card.c.obj
 .text.sd_acquire
                0x1000cae0       0x10 CMakeFiles/FlightController.dir/Core/FileSystem/SDPicoGitProject/no-OS-FatFS-SD-SPI-RPi-Pico/FatFs_SPI/sd_driver/sd_card.c.obj
 .text.sd_cmd_spi
                0x1000caf0       0x74 CMakeFiles/FlightController.dir/Core/FileSystem/SDPicoGitProject/no-OS-FatFS-SD-SPI-RPi-Pico/FatFs_SPI/sd_driver/sd_card.c.obj
 .text.sd_unlock
                0x1000cb64       0x30 CMakeFiles/FlightController.dir/Core/FileSystem/SDPicoGitProject/no-OS-FatFS-SD-SPI-RPi-Pico/FatFs_SPI/sd_driver/sd_card.c.obj
 .text.sd_release
                0x1000cb94       0x10 CMakeFiles/FlightController.dir/Core/FileSystem/SDPicoGitProject/no-OS-FatFS-SD-SPI-RPi-Pico/FatFs_SPI/sd_driver/sd_card.c.obj
 .text.sd_wait_token
                0x1000cba4       0x9c CMakeFiles/FlightController.dir/Core/FileSystem/SDPicoGitProject/no-OS-FatFS-SD-SPI-RPi-Pico/FatFs_SPI/sd_driver/sd_card.c.obj
 .text.sd_read_bytes
                0x1000cc40       0x90 CMakeFiles/FlightController.dir/Core/FileSystem/SDPicoGitProject/no-OS-FatFS-SD-SPI-RPi-Pico/FatFs_SPI/sd_driver/sd_card.c.obj
 .text.sd_read_block
                0x1000ccd0       0x8c CMakeFiles/FlightController.dir/Core/FileSystem/SDPicoGitProject/no-OS-FatFS-SD-SPI-RPi-Pico/FatFs_SPI/sd_driver/sd_card.c.obj
 .text.sd_wait_ready
                0x1000cd5c       0xc0 CMakeFiles/FlightController.dir/Core/FileSystem/SDPicoGitProject/no-OS-FatFS-SD-SPI-RPi-Pico/FatFs_SPI/sd_driver/sd_card.c.obj
 .text.sd_cmd   0x1000ce1c      0x2f0 CMakeFiles/FlightController.dir/Core/FileSystem/SDPicoGitProject/no-OS-FatFS-SD-SPI-RPi-Pico/FatFs_SPI/sd_driver/sd_card.c.obj
 .text.sd_cmd8  0x1000d10c       0x50 CMakeFiles/FlightController.dir/Core/FileSystem/SDPicoGitProject/no-OS-FatFS-SD-SPI-RPi-Pico/FatFs_SPI/sd_driver/sd_card.c.obj
 .text.sd_sectors_nolock
                0x1000d15c      0x144 CMakeFiles/FlightController.dir/Core/FileSystem/SDPicoGitProject/no-OS-FatFS-SD-SPI-RPi-Pico/FatFs_SPI/sd_driver/sd_card.c.obj
 .text.in_sd_read_blocks